#
# There is insufficient memory for the Java Runtime Environment to continue.
# Native memory allocation (malloc) failed to allocate 819776 bytes. Error detail: Chunk::new
# Possible reasons:
#   The system is out of physical RAM or swap space
#   This process is running with CompressedOops enabled, and the Java Heap may be blocking the growth of the native heap
# Possible solutions:
#   Reduce memory load on the system
#   Increase physical memory or swap space
#   Check if swap backing store is full
#   Decrease Java heap size (-Xmx/-Xms)
#   Decrease number of Java threads
#   Decrease Java thread stack sizes (-Xss)
#   Set larger code cache with -XX:ReservedCodeCacheSize=
#   JVM is running with Unscaled Compressed Oops mode in which the Java heap is
#     placed in the first 4GB address space. The Java Heap base address is the
#     maximum limit for the native heap growth. Please use -XX:HeapBaseMinAddress
#     to set the Java Heap base and to place the Java Heap above 4GB virtual address.
# This output file may be truncated or incomplete.
#
#  Out of Memory Error (arena.cpp:168), pid=19440, tid=23612
#
# JRE version: OpenJDK Runtime Environment Temurin-21.0.11+10 (21.0.11+10) (build 21.0.11+10-LTS)
# Java VM: OpenJDK 64-Bit Server VM Temurin-21.0.11+10 (21.0.11+10-LTS, mixed mode, sharing, tiered, compressed oops, compressed class ptrs, parallel gc, windows-amd64)
# No core dump will be written. Minidumps are not enabled by default on client versions of Windows
#

---------------  S U M M A R Y ------------

Command Line: --add-modules=ALL-SYSTEM --add-opens=java.base/java.util=ALL-UNNAMED --add-opens=java.base/java.lang=ALL-UNNAMED --add-opens=java.base/sun.nio.fs=ALL-UNNAMED -Declipse.application=org.eclipse.jdt.ls.core.id1 -Dosgi.bundles.defaultStartLevel=4 -Declipse.product=org.eclipse.jdt.ls.core.product -Djava.import.generatesMetadataFilesAtProjectRoot=false -DDetectVMInstallationsJob.disabled=true -Dfile.encoding=utf8 -XX:+UseParallelGC -XX:GCTimeRatio=4 -XX:AdaptiveSizePolicyWeight=90 -Dsun.zip.disableMemoryMapping=true -Xmx2G -Xms100m -Xlog:disable -javaagent:c:\Users\ACER\.vscode\extensions\redhat.java-1.55.0-win32-x64\lombok\lombok-1.18.39-4050.jar -XX:+HeapDumpOnOutOfMemoryError -XX:HeapDumpPath=c:\Users\ACER\AppData\Roaming\Code\User\workspaceStorage\4a4f0ebea5eac3939ac07aeca1cd76eb\redhat.java -Daether.dependencyCollector.impl=bf c:\Users\ACER\.vscode\extensions\redhat.java-1.55.0-win32-x64\server\plugins\org.eclipse.equinox.launcher_1.7.200.v20260619-2039.jar -configuration c:\Users\ACER\AppData\Roaming\Code\User\globalStorage\redhat.java\1.55.0\config_win -data c:\Users\ACER\AppData\Roaming\Code\User\workspaceStorage\4a4f0ebea5eac3939ac07aeca1cd76eb\redhat.java\jdt_ws --pipe=\\.\pipe\lsp-a20fc88bbd297be9e8531a9eac5dae45-sock

Host: 11th Gen Intel(R) Core(TM) i5-11400H @ 2.70GHz, 12 cores, 7G,  Windows 11 , 64 bit Build 26100 (10.0.26100.8875)
Time: Mon Jul 20 20:23:26 2026 Hora est. Pacífico, Sudamérica elapsed time: 20.929980 seconds (0d 0h 0m 20s)

---------------  T H R E A D  ---------------

Current thread (0x0000022590348c10):  JavaThread "C2 CompilerThread0" daemon [_thread_in_native, id=23612, stack(0x000000354a300000,0x000000354a400000) (1024K)]


Current CompileTask:
C2:20930 14588       4       org.eclipse.jdt.internal.compiler.lookup.BinaryTypeBinding::createMethod (1666 bytes)

Stack: [0x000000354a300000,0x000000354a400000]
Native frames: (J=compiled Java code, j=interpreted, Vv=VM code, C=native code)
V  [jvm.dll+0x6d7e19]
V  [jvm.dll+0x8b5096]
V  [jvm.dll+0x8b764e]
V  [jvm.dll+0x8b7d33]
V  [jvm.dll+0x284596]
V  [jvm.dll+0xc685d]
V  [jvm.dll+0xc6da1]
V  [jvm.dll+0x2fb4ee]
V  [jvm.dll+0x5fe9a4]
V  [jvm.dll+0x255d67]
V  [jvm.dll+0x24ddab]
V  [jvm.dll+0x24bbe6]
V  [jvm.dll+0x1cb4ae]
V  [jvm.dll+0x25baad]
V  [jvm.dll+0x25a03a]
V  [jvm.dll+0x3f868e]
V  [jvm.dll+0x85fb0d]
V  [jvm.dll+0x6d664d]
C  [ucrtbase.dll+0x2cd30]
C  [KERNEL32.DLL+0x2e957]
C  [ntdll.dll+0xaad6c]


---------------  P R O C E S S  ---------------

Threads class SMR info:
_java_thread_list=0x0000022599549bd0, length=96, elements={
0x000002253693c480, 0x000002254d3ee080, 0x0000022590321130, 0x0000022590325b50,
0x000002259032a550, 0x000002259032be20, 0x00000225903407e0, 0x0000022590348c10,
0x000002259034b530, 0x0000022590342220, 0x00000225903428b0, 0x0000022590342f40,
0x00000225903435d0, 0x0000022590340150, 0x0000022590340e70, 0x0000022590341500,
0x0000022590341b90, 0x00000225956ab770, 0x00000225956acb20, 0x00000225956ad1b0,
0x00000225956ab0e0, 0x00000225956ac490, 0x00000225956aa3c0, 0x00000225956aaa50,
0x00000225956aebf0, 0x00000225956af910, 0x00000225956b0630, 0x00000225956b0cc0,
0x00000225956b1350, 0x00000225956b19e0, 0x00000225956af280, 0x00000225956affa0,
0x00000225956ae560, 0x000002259839ba40, 0x000002259839e1a0, 0x000002259839b3b0,
0x000002259839c760, 0x000002259839cdf0, 0x000002259839ad20, 0x000002259839eec0,
0x000002259839d480, 0x000002259839db10, 0x000002259839f550, 0x000002259839c0d0,
0x00000225983a1620, 0x00000225983a0270, 0x000002259839fbe0, 0x00000225983a0f90,
0x00000225983a0900, 0x00000225983a1cb0, 0x00000225983a2340, 0x00000225972466e0,
0x00000225972459c0, 0x0000022597246050, 0x00000225972487b0, 0x0000022597247400,
0x0000022597247a90, 0x0000022597245330, 0x00000225972494d0, 0x0000022597248e40,
0x000002259724c2c0, 0x000002259724b5a0, 0x000002259724af10, 0x000002259724bc30,
0x000002259724c950, 0x0000022597249b60, 0x000002259724a1f0, 0x000002259724a880,
0x0000022597aed290, 0x0000022597aec570, 0x0000022597aee640, 0x0000022597aecc00,
0x0000022597aeecd0, 0x0000022597aed920, 0x0000022597aedfb0, 0x0000022597aef360,
0x0000022597aebee0, 0x0000022597bc9880, 0x0000022597bcbfe0, 0x0000022597bc91f0,
0x0000022597bc9f10, 0x0000022597bcc670, 0x0000022597bca5a0, 0x0000022597bcb2c0,
0x0000022597bcac30, 0x000002259919b600, 0x000002259919f110, 0x000002259919d6d0,
0x000002259919bc90, 0x00000225991a1870, 0x000002259919f7a0, 0x000002259919fe30,
0x00000225991a1f00, 0x00000225991a04c0, 0x00000225991a2590, 0x00000225991a0b50
}

Java Threads: ( => current thread )
  0x000002253693c480 JavaThread "main"                              [_thread_blocked, id=34320, stack(0x0000003549900000,0x0000003549a00000) (1024K)]
  0x000002254d3ee080 JavaThread "Reference Handler"          daemon [_thread_blocked, id=18872, stack(0x0000003549d00000,0x0000003549e00000) (1024K)]
  0x0000022590321130 JavaThread "Finalizer"                  daemon [_thread_blocked, id=30872, stack(0x0000003549e00000,0x0000003549f00000) (1024K)]
  0x0000022590325b50 JavaThread "Signal Dispatcher"          daemon [_thread_blocked, id=31312, stack(0x0000003549f00000,0x000000354a000000) (1024K)]
  0x000002259032a550 JavaThread "Attach Listener"            daemon [_thread_blocked, id=3716, stack(0x000000354a000000,0x000000354a100000) (1024K)]
  0x000002259032be20 JavaThread "Service Thread"             daemon [_thread_blocked, id=3484, stack(0x000000354a100000,0x000000354a200000) (1024K)]
  0x00000225903407e0 JavaThread "Monitor Deflation Thread"   daemon [_thread_blocked, id=12640, stack(0x000000354a200000,0x000000354a300000) (1024K)]
=>0x0000022590348c10 JavaThread "C2 CompilerThread0"         daemon [_thread_in_native, id=23612, stack(0x000000354a300000,0x000000354a400000) (1024K)]
  0x000002259034b530 JavaThread "C1 CompilerThread0"         daemon [_thread_blocked, id=10220, stack(0x000000354a400000,0x000000354a500000) (1024K)]
  0x0000022590342220 JavaThread "Common-Cleaner"             daemon [_thread_blocked, id=33348, stack(0x000000354a600000,0x000000354a700000) (1024K)]
  0x00000225903428b0 JavaThread "Notification Thread"        daemon [_thread_blocked, id=27528, stack(0x000000354a700000,0x000000354a800000) (1024K)]
  0x0000022590342f40 JavaThread "Active Thread: Equinox Container: dd183582-dbe6-49f7-9d17-83d916b187a1"        [_thread_blocked, id=33324, stack(0x000000354ae00000,0x000000354af00000) (1024K)]
  0x00000225903435d0 JavaThread "Refresh Thread: Equinox Container: dd183582-dbe6-49f7-9d17-83d916b187a1" daemon [_thread_blocked, id=11152, stack(0x000000354b000000,0x000000354b100000) (1024K)]
  0x0000022590340150 JavaThread "Framework Event Dispatcher: Equinox Container: dd183582-dbe6-49f7-9d17-83d916b187a1" daemon [_thread_blocked, id=31464, stack(0x000000354b100000,0x000000354b200000) (1024K)]
  0x0000022590340e70 JavaThread "Start Level: Equinox Container: dd183582-dbe6-49f7-9d17-83d916b187a1" daemon [_thread_blocked, id=31396, stack(0x000000354b200000,0x000000354b300000) (1024K)]
  0x0000022590341500 JavaThread "Bundle File Closer"         daemon [_thread_blocked, id=14816, stack(0x000000354b500000,0x000000354b600000) (1024K)]
  0x0000022590341b90 JavaThread "SCR Component Actor"        daemon [_thread_blocked, id=5620, stack(0x000000354a500000,0x000000354a600000) (1024K)]
  0x00000225956ab770 JavaThread "Worker-JM"                         [_thread_blocked, id=6840, stack(0x000000354b600000,0x000000354b700000) (1024K)]
  0x00000225956acb20 JavaThread "JNA Cleaner"                daemon [_thread_blocked, id=22644, stack(0x000000354b700000,0x000000354b800000) (1024K)]
  0x00000225956ad1b0 JavaThread "Worker-0"                          [_thread_blocked, id=9888, stack(0x000000354b800000,0x000000354b900000) (1024K)]
  0x00000225956ab0e0 JavaThread "Worker-1"                          [_thread_blocked, id=11624, stack(0x000000354b900000,0x000000354ba00000) (1024K)]
  0x00000225956ac490 JavaThread "Worker-2: Initialize workspace"        [_thread_blocked, id=26508, stack(0x000000354bb00000,0x000000354bc00000) (1024K)]
  0x00000225956aa3c0 JavaThread "Java indexing"              daemon [_thread_blocked, id=20792, stack(0x000000354bc00000,0x000000354bd00000) (1024K)]
  0x00000225956aaa50 JavaThread "Worker-3"                          [_thread_blocked, id=19072, stack(0x000000354bd00000,0x000000354be00000) (1024K)]
  0x00000225956aebf0 JavaThread "Worker-4: Publish Diagnostics"        [_thread_blocked, id=30696, stack(0x000000354c000000,0x000000354c100000) (1024K)]
  0x00000225956af910 JavaThread "Thread-1"                   daemon [_thread_in_native, id=6952, stack(0x000000354c100000,0x000000354c200000) (1024K)]
  0x00000225956b0630 JavaThread "Thread-2"                   daemon [_thread_in_native, id=6912, stack(0x000000354c200000,0x000000354c300000) (1024K)]
  0x00000225956b0cc0 JavaThread "Thread-3"                   daemon [_thread_in_native, id=20192, stack(0x000000354c300000,0x000000354c400000) (1024K)]
  0x00000225956b1350 JavaThread "Thread-4"                   daemon [_thread_in_native, id=26940, stack(0x000000354c400000,0x000000354c500000) (1024K)]
  0x00000225956b19e0 JavaThread "Thread-5"                   daemon [_thread_in_native, id=28476, stack(0x000000354c500000,0x000000354c600000) (1024K)]
  0x00000225956af280 JavaThread "Thread-6"                   daemon [_thread_in_native, id=25964, stack(0x000000354c600000,0x000000354c700000) (1024K)]
  0x00000225956affa0 JavaThread "Thread-7"                   daemon [_thread_in_native, id=23804, stack(0x000000354c700000,0x000000354c800000) (1024K)]
  0x00000225956ae560 JavaThread "Thread-8"                   daemon [_thread_in_native, id=13680, stack(0x000000354c800000,0x000000354c900000) (1024K)]
  0x000002259839ba40 JavaThread "Thread-9"                   daemon [_thread_in_native, id=16392, stack(0x000000354c900000,0x000000354ca00000) (1024K)]
  0x000002259839e1a0 JavaThread "Thread-10"                  daemon [_thread_in_native, id=26296, stack(0x000000354ca00000,0x000000354cb00000) (1024K)]
  0x000002259839b3b0 JavaThread "Thread-11"                  daemon [_thread_in_native, id=9764, stack(0x000000354cb00000,0x000000354cc00000) (1024K)]
  0x000002259839c760 JavaThread "Thread-12"                  daemon [_thread_in_native, id=22228, stack(0x000000354cc00000,0x000000354cd00000) (1024K)]
  0x000002259839cdf0 JavaThread "Thread-13"                  daemon [_thread_in_native, id=18640, stack(0x000000354cd00000,0x000000354ce00000) (1024K)]
  0x000002259839ad20 JavaThread "pool-2-thread-1"                   [_thread_blocked, id=776, stack(0x000000354ce00000,0x000000354cf00000) (1024K)]
  0x000002259839eec0 JavaThread "WorkspaceEventsHandler"            [_thread_blocked, id=14472, stack(0x000000354cf00000,0x000000354d000000) (1024K)]
  0x000002259839d480 JavaThread "pool-1-thread-1"                   [_thread_blocked, id=12556, stack(0x000000354d000000,0x000000354d100000) (1024K)]
  0x000002259839db10 JavaThread "PatternSearchJob-worker-1"  daemon [_thread_blocked, id=2188, stack(0x000000354d100000,0x000000354d200000) (1024K)]
  0x000002259839f550 JavaThread "PatternSearchJob-worker-2"  daemon [_thread_blocked, id=7124, stack(0x000000354d200000,0x000000354d300000) (1024K)]
  0x000002259839c0d0 JavaThread "PatternSearchJob-worker-3"  daemon [_thread_blocked, id=12160, stack(0x000000354d300000,0x000000354d400000) (1024K)]
  0x00000225983a1620 JavaThread "PatternSearchJob-worker-4"  daemon [_thread_blocked, id=24844, stack(0x000000354d400000,0x000000354d500000) (1024K)]
  0x00000225983a0270 JavaThread "PatternSearchJob-worker-6"  daemon [_thread_blocked, id=32424, stack(0x000000354d500000,0x000000354d600000) (1024K)]
  0x000002259839fbe0 JavaThread "PatternSearchJob-worker-5"  daemon [_thread_blocked, id=21864, stack(0x000000354d600000,0x000000354d700000) (1024K)]
  0x00000225983a0f90 JavaThread "PatternSearchJob-worker-7"  daemon [_thread_blocked, id=18368, stack(0x000000354d700000,0x000000354d800000) (1024K)]
  0x00000225983a0900 JavaThread "PatternSearchJob-worker-8"  daemon [_thread_blocked, id=7612, stack(0x000000354d800000,0x000000354d900000) (1024K)]
  0x00000225983a1cb0 JavaThread "PatternSearchJob-worker-9"  daemon [_thread_blocked, id=27712, stack(0x000000354d900000,0x000000354da00000) (1024K)]
  0x00000225983a2340 JavaThread "PatternSearchJob-worker-10" daemon [_thread_blocked, id=31036, stack(0x000000354da00000,0x000000354db00000) (1024K)]
  0x00000225972466e0 JavaThread "PatternSearchJob-worker-11" daemon [_thread_blocked, id=18988, stack(0x000000354db00000,0x000000354dc00000) (1024K)]
  0x00000225972459c0 JavaThread "LocalFile Deleter"          daemon [_thread_blocked, id=18468, stack(0x000000354dc00000,0x000000354dd00000) (1024K)]
  0x0000022597246050 JavaThread "LocalFile Deleter"          daemon [_thread_blocked, id=6548, stack(0x000000354dd00000,0x000000354de00000) (1024K)]
  0x00000225972487b0 JavaThread "LocalFile Deleter"          daemon [_thread_blocked, id=30024, stack(0x000000354de00000,0x000000354df00000) (1024K)]
  0x0000022597247400 JavaThread "LocalFile Deleter"          daemon [_thread_blocked, id=29476, stack(0x000000354df00000,0x000000354e000000) (1024K)]
  0x0000022597247a90 JavaThread "LocalFile Deleter"          daemon [_thread_blocked, id=13640, stack(0x000000354e000000,0x000000354e100000) (1024K)]
  0x0000022597245330 JavaThread "LocalFile Deleter"          daemon [_thread_blocked, id=13304, stack(0x000000354e100000,0x000000354e200000) (1024K)]
  0x00000225972494d0 JavaThread "LocalFile Deleter"          daemon [_thread_blocked, id=19128, stack(0x000000354e200000,0x000000354e300000) (1024K)]
  0x0000022597248e40 JavaThread "LocalFile Deleter"          daemon [_thread_blocked, id=15556, stack(0x000000354e300000,0x000000354e400000) (1024K)]
  0x000002259724c2c0 JavaThread "LocalFile Deleter"          daemon [_thread_blocked, id=14384, stack(0x000000354e400000,0x000000354e500000) (1024K)]
  0x000002259724b5a0 JavaThread "LocalFile Deleter"          daemon [_thread_blocked, id=28664, stack(0x000000354e500000,0x000000354e600000) (1024K)]
  0x000002259724af10 JavaThread "LocalFile Deleter"          daemon [_thread_blocked, id=32388, stack(0x000000354e600000,0x000000354e700000) (1024K)]
  0x000002259724bc30 JavaThread "LocalFile Deleter"          daemon [_thread_blocked, id=16824, stack(0x000000354e700000,0x000000354e800000) (1024K)]
  0x000002259724c950 JavaThread "Compiler Source File Reader" daemon [_thread_blocked, id=5932, stack(0x000000354e800000,0x000000354e900000) (1024K)]
  0x0000022597249b60 JavaThread "Compiler Source File Reader" daemon [_thread_blocked, id=9800, stack(0x000000354e900000,0x000000354ea00000) (1024K)]
  0x000002259724a1f0 JavaThread "Compiler Source File Reader" daemon [_thread_blocked, id=31148, stack(0x000000354ea00000,0x000000354eb00000) (1024K)]
  0x000002259724a880 JavaThread "Compiler Source File Reader" daemon [_thread_blocked, id=30312, stack(0x000000354eb00000,0x000000354ec00000) (1024K)]
  0x0000022597aed290 JavaThread "Compiler Source File Reader" daemon [_thread_blocked, id=25092, stack(0x000000354ec00000,0x000000354ed00000) (1024K)]
  0x0000022597aec570 JavaThread "Compiler Source File Reader" daemon [_thread_blocked, id=27992, stack(0x000000354ed00000,0x000000354ee00000) (1024K)]
  0x0000022597aee640 JavaThread "Compiler Source File Reader" daemon [_thread_blocked, id=28936, stack(0x000000354ee00000,0x000000354ef00000) (1024K)]
  0x0000022597aecc00 JavaThread "Compiler Source File Reader" daemon [_thread_blocked, id=31988, stack(0x000000354ef00000,0x000000354f000000) (1024K)]
  0x0000022597aeecd0 JavaThread "Compiler Source File Reader" daemon [_thread_blocked, id=15576, stack(0x000000354f000000,0x000000354f100000) (1024K)]
  0x0000022597aed920 JavaThread "Compiler Source File Reader" daemon [_thread_blocked, id=9472, stack(0x000000354f100000,0x000000354f200000) (1024K)]
  0x0000022597aedfb0 JavaThread "Compiler Processing Task"   daemon [_thread_blocked, id=33284, stack(0x000000354ba00000,0x000000354bb00000) (1024K)]
  0x0000022597aef360 JavaThread "Compiler Class File Writer" daemon [_thread_blocked, id=34336, stack(0x000000354f200000,0x000000354f300000) (1024K)]
  0x0000022597aebee0 JavaThread "Compiler Class File Writer" daemon [_thread_blocked, id=31028, stack(0x000000354f300000,0x000000354f400000) (1024K)]
  0x0000022597bc9880 JavaThread "Compiler Class File Writer" daemon [_thread_blocked, id=3676, stack(0x000000354f400000,0x000000354f500000) (1024K)]
  0x0000022597bcbfe0 JavaThread "Compiler Class File Writer" daemon [_thread_blocked, id=13216, stack(0x000000354f500000,0x000000354f600000) (1024K)]
  0x0000022597bc91f0 JavaThread "Compiler Class File Writer" daemon [_thread_blocked, id=8700, stack(0x000000354f600000,0x000000354f700000) (1024K)]
  0x0000022597bc9f10 JavaThread "Compiler Class File Writer" daemon [_thread_blocked, id=5148, stack(0x000000354f700000,0x000000354f800000) (1024K)]
  0x0000022597bcc670 JavaThread "Compiler Class File Writer" daemon [_thread_blocked, id=26024, stack(0x000000354f800000,0x000000354f900000) (1024K)]
  0x0000022597bca5a0 JavaThread "Compiler Class File Writer" daemon [_thread_blocked, id=10512, stack(0x000000354f900000,0x000000354fa00000) (1024K)]
  0x0000022597bcb2c0 JavaThread "Compiler Class File Writer" daemon [_thread_blocked, id=23844, stack(0x000000354fa00000,0x000000354fb00000) (1024K)]
  0x0000022597bcac30 JavaThread "Compiler Class File Writer" daemon [_thread_blocked, id=3952, stack(0x000000354fb00000,0x000000354fc00000) (1024K)]
  0x000002259919b600 JavaThread "ForkJoinPool.commonPool-worker-1" daemon [_thread_blocked, id=19140, stack(0x000000354fc00000,0x000000354fd00000) (1024K)]
  0x000002259919f110 JavaThread "ForkJoinPool.commonPool-worker-2" daemon [_thread_blocked, id=25012, stack(0x000000354fd00000,0x000000354fe00000) (1024K)]
  0x000002259919d6d0 JavaThread "ForkJoinPool.commonPool-worker-3" daemon [_thread_blocked, id=22504, stack(0x000000354fe00000,0x000000354ff00000) (1024K)]
  0x000002259919bc90 JavaThread "ForkJoinPool.commonPool-worker-4" daemon [_thread_blocked, id=23256, stack(0x000000354ff00000,0x0000003550000000) (1024K)]
  0x00000225991a1870 JavaThread "ForkJoinPool.commonPool-worker-5" daemon [_thread_blocked, id=34316, stack(0x0000003550000000,0x0000003550100000) (1024K)]
  0x000002259919f7a0 JavaThread "ForkJoinPool.commonPool-worker-6" daemon [_thread_blocked, id=34560, stack(0x0000003550100000,0x0000003550200000) (1024K)]
  0x000002259919fe30 JavaThread "ForkJoinPool.commonPool-worker-7" daemon [_thread_blocked, id=16308, stack(0x0000003550200000,0x0000003550300000) (1024K)]
  0x00000225991a1f00 JavaThread "ForkJoinPool.commonPool-worker-8" daemon [_thread_in_vm, id=33680, stack(0x0000003550300000,0x0000003550400000) (1024K)]
  0x00000225991a04c0 JavaThread "ForkJoinPool.commonPool-worker-9" daemon [_thread_blocked, id=25000, stack(0x0000003550400000,0x0000003550500000) (1024K)]
  0x00000225991a2590 JavaThread "ForkJoinPool.commonPool-worker-10" daemon [_thread_blocked, id=9872, stack(0x0000003550500000,0x0000003550600000) (1024K)]
  0x00000225991a0b50 JavaThread "ForkJoinPool.commonPool-worker-11" daemon [_thread_blocked, id=16028, stack(0x0000003550600000,0x0000003550700000) (1024K)]
Total: 96

Other Threads:
  0x000002254d3d33d0 VMThread "VM Thread"                           [id=34504, stack(0x0000003549c00000,0x0000003549d00000) (1024K)]
  0x000002254d2cc950 WatcherThread "VM Periodic Task Thread"        [id=29200, stack(0x0000003549b00000,0x0000003549c00000) (1024K)]
  0x000002253695aef0 WorkerThread "GC Thread#0"                     [id=11136, stack(0x0000003549a00000,0x0000003549b00000) (1024K)]
  0x0000022590dc34e0 WorkerThread "GC Thread#1"                     [id=33052, stack(0x000000354a800000,0x000000354a900000) (1024K)]
  0x0000022590dc2270 WorkerThread "GC Thread#2"                     [id=7788, stack(0x000000354a900000,0x000000354aa00000) (1024K)]
  0x0000022590dc2620 WorkerThread "GC Thread#3"                     [id=23704, stack(0x000000354aa00000,0x000000354ab00000) (1024K)]
  0x0000022590dc3130 WorkerThread "GC Thread#4"                     [id=27068, stack(0x000000354ab00000,0x000000354ac00000) (1024K)]
  0x0000022590dc3890 WorkerThread "GC Thread#5"                     [id=31624, stack(0x000000354ac00000,0x000000354ad00000) (1024K)]
  0x0000022590dc29d0 WorkerThread "GC Thread#6"                     [id=5808, stack(0x000000354ad00000,0x000000354ae00000) (1024K)]
  0x0000022590dc3c40 WorkerThread "GC Thread#7"                     [id=26560, stack(0x000000354af00000,0x000000354b000000) (1024K)]
  0x0000022590e9d880 WorkerThread "GC Thread#8"                     [id=31804, stack(0x000000354b300000,0x000000354b400000) (1024K)]
  0x0000022590e9dc30 WorkerThread "GC Thread#9"                     [id=32128, stack(0x000000354b400000,0x000000354b500000) (1024K)]
Total: 12

Threads with active compile tasks:
C2 CompilerThread0  20955 14588       4       org.eclipse.jdt.internal.compiler.lookup.BinaryTypeBinding::createMethod (1666 bytes)
Total: 1

VM state: not at safepoint (normal execution)

VM Mutex/Monitor currently owned by a thread:  ([mutex/lock_event])
[0x00007ffd5c3ef670] Heap_lock - owner thread: 0x00000225991a1f00
[0x00007ffd5c3efaf0] PSOldGenExpand_lock - owner thread: 0x00000225991a1f00

Heap address: 0x0000000080000000, size: 2048 MB, Compressed Oops mode: 32-bit

CDS archive(s) mapped at: [0x000002254e000000-0x000002254eba0000-0x000002254eba0000), size 12189696, SharedBaseAddress: 0x000002254e000000, ArchiveRelocationMode: 1.
Compressed class space mapped at: 0x000002254f000000-0x000002258f000000, reserved size: 1073741824
Narrow klass base: 0x000002254e000000, Narrow klass shift: 0, Narrow klass range: 0x100000000

GC Precious Log:
 CardTable entry size: 512
 CPUs: 12 total, 12 available
 Memory: 7971M
 Large Page Support: Disabled
 NUMA Support: Disabled
 Compressed Oops: Enabled (32-bit)
 Alignments: Space 512K, Generation 512K, Heap 2M
 Heap Min Capacity: 100M
 Heap Initial Capacity: 100M
 Heap Max Capacity: 2G
 Pre-touch: Disabled
 Parallel Workers: 10

Heap:
 PSYoungGen      total 14336K, used 14107K [0x00000000d5580000, 0x00000000d6600000, 0x0000000100000000)
  eden space 12800K, 100% used [0x00000000d5580000,0x00000000d6200000,0x00000000d6200000)
  from space 1536K, 85% used [0x00000000d6200000,0x00000000d6346ff8,0x00000000d6380000)
  to   space 2048K, 0% used [0x00000000d6400000,0x00000000d6400000,0x00000000d6600000)
 ParOldGen       total 121856K, used 121855K [0x0000000080000000, 0x0000000087700000, 0x00000000d5580000)
  object space 121856K, 99% used [0x0000000080000000,0x00000000876fffb0,0x0000000087700000)
 Metaspace       used 70755K, committed 72384K, reserved 1114112K
  class space    used 7300K, committed 8000K, reserved 1048576K

Card table byte_map: [0x00000225362e0000,0x00000225366f0000] _byte_map_base: 0x0000022535ee0000

Marking Bits: (ParMarkBitMap*) 0x00007ffd5c3f4460
 Begin Bits: [0x0000022548df0000, 0x000002254adf0000)
 End Bits:   [0x000002254adf0000, 0x000002254cdf0000)

Polling page: 0x0000022534b70000

Metaspace:

Usage:
  Non-class:     61.97 MB used.
      Class:      7.13 MB used.
       Both:     69.10 MB used.

Virtual space:
  Non-class space:       64.00 MB reserved,      62.88 MB ( 98%) committed,  1 nodes.
      Class space:        1.00 GB reserved,       7.81 MB ( <1%) committed,  1 nodes.
             Both:        1.06 GB reserved,      70.69 MB (  6%) committed. 

Chunk freelists:
   Non-Class:  480.00 KB
       Class:  8.01 MB
        Both:  8.48 MB

MaxMetaspaceSize: unlimited
CompressedClassSpaceSize: 1.00 GB
Initial GC threshold: 21.00 MB
Current GC threshold: 97.31 MB
CDS: on
 - commit_granule_bytes: 65536.
 - commit_granule_words: 8192.
 - virtual_space_node_default_size: 8388608.
 - enlarge_chunks_in_place: 1.
 - use_allocation_guard: 0.


Internal statistics:

num_allocs_failed_limit: 9.
num_arena_births: 1344.
num_arena_deaths: 14.
num_vsnodes_births: 2.
num_vsnodes_deaths: 0.
num_space_committed: 1131.
num_space_uncommitted: 0.
num_chunks_returned_to_freelist: 23.
num_chunks_taken_from_freelist: 4803.
num_chunk_merges: 14.
num_chunk_splits: 2933.
num_chunks_enlarged: 1612.
num_inconsistent_stats: 0.

CodeHeap 'non-profiled nmethods': size=120000Kb used=7416Kb max_used=7416Kb free=112583Kb
 bounds [0x0000022541610000, 0x0000022541d50000, 0x0000022548b40000]
CodeHeap 'profiled nmethods': size=120000Kb used=31414Kb max_used=31414Kb free=88586Kb
 bounds [0x0000022539b40000, 0x000002253b9f0000, 0x0000022541070000]
CodeHeap 'non-nmethods': size=5760Kb used=1455Kb max_used=1510Kb free=4304Kb
 bounds [0x0000022541070000, 0x00000225412e0000, 0x0000022541610000]
CodeCache: size=245760Kb, used=40285Kb, max_used=40340Kb, free=205473Kb
 total_blobs=14605, nmethods=13843, adapters=666, full_count=0
Compilation: enabled, stopped_count=0, restarted_count=0

Compilation events (20 events):
Event: 18.910 Thread 0x000002259034b530 14618       3       org.eclipse.jdt.internal.compiler.lookup.BinaryTypeBinding$1::createBinding (31 bytes)
Event: 18.910 Thread 0x000002259034b530 nmethod 14618 0x000002253b9dd810 code [0x000002253b9dda00, 0x000002253b9dde50]
Event: 18.910 Thread 0x000002259034b530 14619       3       java.util.HashMap::resize (356 bytes)
Event: 18.911 Thread 0x000002259034b530 nmethod 14619 0x000002253b9de010 code [0x000002253b9de2a0, 0x000002253b9df3d8]
Event: 18.911 Thread 0x000002259034b530 14620       2       lombok.eclipse.agent.PatchDelegate::hasDelegateMarkedFieldsOrMethods (181 bytes)
Event: 18.911 Thread 0x000002259034b530 nmethod 14620 0x000002253b9df810 code [0x000002253b9dfa60, 0x000002253b9e0190]
Event: 18.911 Thread 0x000002259034b530 14621       1       org.eclipse.jdt.internal.compiler.classfmt.AnnotationMethodInfo::getDefaultValue (5 bytes)
Event: 18.911 Thread 0x000002259034b530 nmethod 14621 0x0000022541d4de90 code [0x0000022541d4e020, 0x0000022541d4e0e8]
Event: 18.911 Thread 0x000002259034b530 14622       2       org.eclipse.jdt.internal.core.NameLookup$Answer::isBetter (43 bytes)
Event: 18.911 Thread 0x000002259034b530 nmethod 14622 0x000002253b9e0710 code [0x000002253b9e08e0, 0x000002253b9e0b10]
Event: 18.912 Thread 0x000002259034b530 14624       3       org.eclipse.jdt.internal.compiler.ast.TypeReference::internalResolveType (390 bytes)
Event: 18.913 Thread 0x000002259034b530 nmethod 14624 0x000002253b9e0c10 code [0x000002253b9e10c0, 0x000002253b9e34f0]
Event: 18.913 Thread 0x000002259034b530 14627       3       org.eclipse.jdt.internal.compiler.lookup.InferenceContext18::collectDependencies (796 bytes)
Event: 18.915 Thread 0x000002259034b530 nmethod 14627 0x000002253b9e3e10 code [0x000002253b9e4680, 0x000002253b9ea200]
Event: 18.915 Thread 0x000002259034b530 14625       3       org.eclipse.jdt.internal.core.JavaElementRequestor::acceptPackageFragment (28 bytes)
Event: 18.915 Thread 0x000002259034b530 nmethod 14625 0x000002253b9ebd10 code [0x000002253b9ebf20, 0x000002253b9ec628]
Event: 18.915 Thread 0x000002259034b530 14626       2       org.eclipse.jdt.internal.compiler.lookup.ParameterizedMethodBinding$1::isRawSubstitution (21 bytes)
Event: 18.915 Thread 0x000002259034b530 nmethod 14626 0x000002253b9ec910 code [0x000002253b9ecac0, 0x000002253b9ecc68]
Event: 19.055 Thread 0x000002259034b530 14629       2       org.apache.maven.artifact.repository.MavenArtifactRepository::decode (92 bytes)
Event: 19.055 Thread 0x000002259034b530 nmethod 14629 0x000002253b9ecd90 code [0x000002253b9ecfc0, 0x000002253b9ed478]

GC Heap History (20 events):
Event: 18.444 GC heap before
{Heap before GC invocations=123 (full 3):
 PSYoungGen      total 17408K, used 16736K [0x00000000d5580000, 0x00000000d6700000, 0x0000000100000000)
  eden space 16384K, 100% used [0x00000000d5580000,0x00000000d6580000,0x00000000d6580000)
  from space 1024K, 34% used [0x00000000d6580000,0x00000000d65d8000,0x00000000d6680000)
  to   space 512K, 0% used [0x00000000d6680000,0x00000000d6680000,0x00000000d6700000)
 ParOldGen       total 111616K, used 111510K [0x0000000080000000, 0x0000000086d00000, 0x00000000d5580000)
  object space 111616K, 99% used [0x0000000080000000,0x0000000086ce5b40,0x0000000086d00000)
 Metaspace       used 68793K, committed 70400K, reserved 1114112K
  class space    used 7145K, committed 7872K, reserved 1048576K
}
Event: 18.445 GC heap after
{Heap after GC invocations=123 (full 3):
 PSYoungGen      total 16896K, used 352K [0x00000000d5580000, 0x00000000d6700000, 0x0000000100000000)
  eden space 16384K, 0% used [0x00000000d5580000,0x00000000d5580000,0x00000000d6580000)
  from space 512K, 68% used [0x00000000d6680000,0x00000000d66d8000,0x00000000d6700000)
  to   space 512K, 0% used [0x00000000d6600000,0x00000000d6600000,0x00000000d6680000)
 ParOldGen       total 112128K, used 111678K [0x0000000080000000, 0x0000000086d80000, 0x00000000d5580000)
  object space 112128K, 99% used [0x0000000080000000,0x0000000086d0fb40,0x0000000086d80000)
 Metaspace       used 68793K, committed 70400K, reserved 1114112K
  class space    used 7145K, committed 7872K, reserved 1048576K
}
Event: 18.456 GC heap before
{Heap before GC invocations=124 (full 3):
 PSYoungGen      total 16896K, used 16736K [0x00000000d5580000, 0x00000000d6700000, 0x0000000100000000)
  eden space 16384K, 100% used [0x00000000d5580000,0x00000000d6580000,0x00000000d6580000)
  from space 512K, 68% used [0x00000000d6680000,0x00000000d66d8000,0x00000000d6700000)
  to   space 512K, 0% used [0x00000000d6600000,0x00000000d6600000,0x00000000d6680000)
 ParOldGen       total 112128K, used 111678K [0x0000000080000000, 0x0000000086d80000, 0x00000000d5580000)
  object space 112128K, 99% used [0x0000000080000000,0x0000000086d0fb40,0x0000000086d80000)
 Metaspace       used 68794K, committed 70400K, reserved 1114112K
  class space    used 7145K, committed 7872K, reserved 1048576K
}
Event: 18.457 GC heap after
{Heap after GC invocations=124 (full 3):
 PSYoungGen      total 16896K, used 352K [0x00000000d5580000, 0x00000000d6700000, 0x0000000100000000)
  eden space 16384K, 0% used [0x00000000d5580000,0x00000000d5580000,0x00000000d6580000)
  from space 512K, 68% used [0x00000000d6600000,0x00000000d6658000,0x00000000d6680000)
  to   space 512K, 0% used [0x00000000d6680000,0x00000000d6680000,0x00000000d6700000)
 ParOldGen       total 112128K, used 111814K [0x0000000080000000, 0x0000000086d80000, 0x00000000d5580000)
  object space 112128K, 99% used [0x0000000080000000,0x0000000086d31b40,0x0000000086d80000)
 Metaspace       used 68794K, committed 70400K, reserved 1114112K
  class space    used 7145K, committed 7872K, reserved 1048576K
}
Event: 18.467 GC heap before
{Heap before GC invocations=125 (full 3):
 PSYoungGen      total 16896K, used 16736K [0x00000000d5580000, 0x00000000d6700000, 0x0000000100000000)
  eden space 16384K, 100% used [0x00000000d5580000,0x00000000d6580000,0x00000000d6580000)
  from space 512K, 68% used [0x00000000d6600000,0x00000000d6658000,0x00000000d6680000)
  to   space 512K, 0% used [0x00000000d6680000,0x00000000d6680000,0x00000000d6700000)
 ParOldGen       total 112128K, used 111814K [0x0000000080000000, 0x0000000086d80000, 0x00000000d5580000)
  object space 112128K, 99% used [0x0000000080000000,0x0000000086d31b40,0x0000000086d80000)
 Metaspace       used 68796K, committed 70400K, reserved 1114112K
  class space    used 7145K, committed 7872K, reserved 1048576K
}
Event: 18.468 GC heap after
{Heap after GC invocations=125 (full 3):
 PSYoungGen      total 16896K, used 384K [0x00000000d5580000, 0x00000000d6700000, 0x0000000100000000)
  eden space 16384K, 0% used [0x00000000d5580000,0x00000000d5580000,0x00000000d6580000)
  from space 512K, 75% used [0x00000000d6680000,0x00000000d66e0000,0x00000000d6700000)
  to   space 512K, 0% used [0x00000000d6600000,0x00000000d6600000,0x00000000d6680000)
 ParOldGen       total 112128K, used 111958K [0x0000000080000000, 0x0000000086d80000, 0x00000000d5580000)
  object space 112128K, 99% used [0x0000000080000000,0x0000000086d55b40,0x0000000086d80000)
 Metaspace       used 68796K, committed 70400K, reserved 1114112K
  class space    used 7145K, committed 7872K, reserved 1048576K
}
Event: 18.540 GC heap before
{Heap before GC invocations=126 (full 3):
 PSYoungGen      total 16896K, used 16768K [0x00000000d5580000, 0x00000000d6700000, 0x0000000100000000)
  eden space 16384K, 100% used [0x00000000d5580000,0x00000000d6580000,0x00000000d6580000)
  from space 512K, 75% used [0x00000000d6680000,0x00000000d66e0000,0x00000000d6700000)
  to   space 512K, 0% used [0x00000000d6600000,0x00000000d6600000,0x00000000d6680000)
 ParOldGen       total 112128K, used 111958K [0x0000000080000000, 0x0000000086d80000, 0x00000000d5580000)
  object space 112128K, 99% used [0x0000000080000000,0x0000000086d55b40,0x0000000086d80000)
 Metaspace       used 68965K, committed 70528K, reserved 1114112K
  class space    used 7171K, committed 7872K, reserved 1048576K
}
Event: 18.542 GC heap after
{Heap after GC invocations=126 (full 3):
 PSYoungGen      total 16896K, used 505K [0x00000000d5580000, 0x00000000d6a80000, 0x0000000100000000)
  eden space 16384K, 0% used [0x00000000d5580000,0x00000000d5580000,0x00000000d6580000)
  from space 512K, 98% used [0x00000000d6600000,0x00000000d667e468,0x00000000d6680000)
  to   space 2560K, 0% used [0x00000000d6800000,0x00000000d6800000,0x00000000d6a80000)
 ParOldGen       total 113664K, used 113502K [0x0000000080000000, 0x0000000086f00000, 0x00000000d5580000)
  object space 113664K, 99% used [0x0000000080000000,0x0000000086ed7a30,0x0000000086f00000)
 Metaspace       used 68965K, committed 70528K, reserved 1114112K
  class space    used 7171K, committed 7872K, reserved 1048576K
}
Event: 18.609 GC heap before
{Heap before GC invocations=127 (full 3):
 PSYoungGen      total 16896K, used 16889K [0x00000000d5580000, 0x00000000d6a80000, 0x0000000100000000)
  eden space 16384K, 99% used [0x00000000d5580000,0x00000000d657ffe8,0x00000000d6580000)
  from space 512K, 98% used [0x00000000d6600000,0x00000000d667e468,0x00000000d6680000)
  to   space 2560K, 0% used [0x00000000d6800000,0x00000000d6800000,0x00000000d6a80000)
 ParOldGen       total 113664K, used 113502K [0x0000000080000000, 0x0000000086f00000, 0x00000000d5580000)
  object space 113664K, 99% used [0x0000000080000000,0x0000000086ed7a30,0x0000000086f00000)
 Metaspace       used 69018K, committed 70592K, reserved 1114112K
  class space    used 7172K, committed 7872K, reserved 1048576K
}
Event: 18.612 GC heap after
{Heap after GC invocations=127 (full 3):
 PSYoungGen      total 15360K, used 2529K [0x00000000d5580000, 0x00000000d7180000, 0x0000000100000000)
  eden space 12800K, 0% used [0x00000000d5580000,0x00000000d5580000,0x00000000d6200000)
  from space 2560K, 98% used [0x00000000d6800000,0x00000000d6a78788,0x00000000d6a80000)
  to   space 6144K, 0% used [0x00000000d6200000,0x00000000d6200000,0x00000000d6800000)
 ParOldGen       total 116224K, used 116030K [0x0000000080000000, 0x0000000087180000, 0x00000000d5580000)
  object space 116224K, 99% used [0x0000000080000000,0x000000008714f988,0x0000000087180000)
 Metaspace       used 69018K, committed 70592K, reserved 1114112K
  class space    used 7172K, committed 7872K, reserved 1048576K
}
Event: 18.633 GC heap before
{Heap before GC invocations=128 (full 3):
 PSYoungGen      total 15360K, used 15329K [0x00000000d5580000, 0x00000000d7180000, 0x0000000100000000)
  eden space 12800K, 100% used [0x00000000d5580000,0x00000000d6200000,0x00000000d6200000)
  from space 2560K, 98% used [0x00000000d6800000,0x00000000d6a78788,0x00000000d6a80000)
  to   space 6144K, 0% used [0x00000000d6200000,0x00000000d6200000,0x00000000d6800000)
 ParOldGen       total 116224K, used 116030K [0x0000000080000000, 0x0000000087180000, 0x00000000d5580000)
  object space 116224K, 99% used [0x0000000080000000,0x000000008714f988,0x0000000087180000)
 Metaspace       used 69057K, committed 70720K, reserved 1114112K
  class space    used 7173K, committed 7872K, reserved 1048576K
}
Event: 18.636 GC heap after
{Heap after GC invocations=128 (full 3):
 PSYoungGen      total 14848K, used 1797K [0x00000000d5580000, 0x00000000d6880000, 0x0000000100000000)
  eden space 12800K, 0% used [0x00000000d5580000,0x00000000d5580000,0x00000000d6200000)
  from space 2048K, 87% used [0x00000000d6200000,0x00000000d63c17d0,0x00000000d6400000)
  to   space 3072K, 0% used [0x00000000d6580000,0x00000000d6580000,0x00000000d6880000)
 ParOldGen       total 118784K, used 118550K [0x0000000080000000, 0x0000000087400000, 0x00000000d5580000)
  object space 118784K, 99% used [0x0000000080000000,0x00000000873c5a58,0x0000000087400000)
 Metaspace       used 69057K, committed 70720K, reserved 1114112K
  class space    used 7173K, committed 7872K, reserved 1048576K
}
Event: 18.653 GC heap before
{Heap before GC invocations=129 (full 3):
 PSYoungGen      total 14848K, used 14527K [0x00000000d5580000, 0x00000000d6880000, 0x0000000100000000)
  eden space 12800K, 99% used [0x00000000d5580000,0x00000000d61ee5d8,0x00000000d6200000)
  from space 2048K, 87% used [0x00000000d6200000,0x00000000d63c17d0,0x00000000d6400000)
  to   space 3072K, 0% used [0x00000000d6580000,0x00000000d6580000,0x00000000d6880000)
 ParOldGen       total 118784K, used 118550K [0x0000000080000000, 0x0000000087400000, 0x00000000d5580000)
  object space 118784K, 99% used [0x0000000080000000,0x00000000873c5a58,0x0000000087400000)
 Metaspace       used 69156K, committed 70784K, reserved 1114112K
  class space    used 7176K, committed 7872K, reserved 1048576K
}
Event: 18.654 GC heap after
{Heap after GC invocations=129 (full 3):
 PSYoungGen      total 13312K, used 429K [0x00000000d5580000, 0x00000000d6600000, 0x0000000100000000)
  eden space 12800K, 0% used [0x00000000d5580000,0x00000000d5580000,0x00000000d6200000)
  from space 512K, 83% used [0x00000000d6580000,0x00000000d65eb680,0x00000000d6600000)
  to   space 1536K, 0% used [0x00000000d6300000,0x00000000d6300000,0x00000000d6480000)
 ParOldGen       total 119808K, used 119746K [0x0000000080000000, 0x0000000087500000, 0x00000000d5580000)
  object space 119808K, 99% used [0x0000000080000000,0x00000000874f0be0,0x0000000087500000)
 Metaspace       used 69156K, committed 70784K, reserved 1114112K
  class space    used 7176K, committed 7872K, reserved 1048576K
}
Event: 18.691 GC heap before
{Heap before GC invocations=130 (full 3):
 PSYoungGen      total 13312K, used 13229K [0x00000000d5580000, 0x00000000d6600000, 0x0000000100000000)
  eden space 12800K, 99% used [0x00000000d5580000,0x00000000d61fffe0,0x00000000d6200000)
  from space 512K, 83% used [0x00000000d6580000,0x00000000d65eb680,0x00000000d6600000)
  to   space 1536K, 0% used [0x00000000d6300000,0x00000000d6300000,0x00000000d6480000)
 ParOldGen       total 119808K, used 119746K [0x0000000080000000, 0x0000000087500000, 0x00000000d5580000)
  object space 119808K, 99% used [0x0000000080000000,0x00000000874f0be0,0x0000000087500000)
 Metaspace       used 69386K, committed 71040K, reserved 1114112K
  class space    used 7179K, committed 7872K, reserved 1048576K
}
Event: 18.692 GC heap after
{Heap after GC invocations=130 (full 3):
 PSYoungGen      total 14336K, used 416K [0x00000000d5580000, 0x00000000d6600000, 0x0000000100000000)
  eden space 12800K, 0% used [0x00000000d5580000,0x00000000d5580000,0x00000000d6200000)
  from space 1536K, 27% used [0x00000000d6300000,0x00000000d6368000,0x00000000d6480000)
  to   space 1024K, 0% used [0x00000000d6500000,0x00000000d6500000,0x00000000d6600000)
 ParOldGen       total 119808K, used 119778K [0x0000000080000000, 0x0000000087500000, 0x00000000d5580000)
  object space 119808K, 99% used [0x0000000080000000,0x00000000874f8be0,0x0000000087500000)
 Metaspace       used 69386K, committed 71040K, reserved 1114112K
  class space    used 7179K, committed 7872K, reserved 1048576K
}
Event: 18.796 GC heap before
{Heap before GC invocations=131 (full 3):
 PSYoungGen      total 14336K, used 13216K [0x00000000d5580000, 0x00000000d6600000, 0x0000000100000000)
  eden space 12800K, 100% used [0x00000000d5580000,0x00000000d6200000,0x00000000d6200000)
  from space 1536K, 27% used [0x00000000d6300000,0x00000000d6368000,0x00000000d6480000)
  to   space 1024K, 0% used [0x00000000d6500000,0x00000000d6500000,0x00000000d6600000)
 ParOldGen       total 119808K, used 119778K [0x0000000080000000, 0x0000000087500000, 0x00000000d5580000)
  object space 119808K, 99% used [0x0000000080000000,0x00000000874f8be0,0x0000000087500000)
 Metaspace       used 70070K, committed 71680K, reserved 1114112K
  class space    used 7241K, committed 7936K, reserved 1048576K
}
Event: 18.798 GC heap after
{Heap after GC invocations=131 (full 3):
 PSYoungGen      total 13824K, used 1003K [0x00000000d5580000, 0x00000000d6700000, 0x0000000100000000)
  eden space 12800K, 0% used [0x00000000d5580000,0x00000000d5580000,0x00000000d6200000)
  from space 1024K, 98% used [0x00000000d6500000,0x00000000d65fafc8,0x00000000d6600000)
  to   space 2560K, 0% used [0x00000000d6200000,0x00000000d6200000,0x00000000d6480000)
 ParOldGen       total 120832K, used 120740K [0x0000000080000000, 0x0000000087600000, 0x00000000d5580000)
  object space 120832K, 99% used [0x0000000080000000,0x00000000875e9050,0x0000000087600000)
 Metaspace       used 70070K, committed 71680K, reserved 1114112K
  class space    used 7241K, committed 7936K, reserved 1048576K
}
Event: 18.867 GC heap before
{Heap before GC invocations=132 (full 3):
 PSYoungGen      total 13824K, used 13803K [0x00000000d5580000, 0x00000000d6700000, 0x0000000100000000)
  eden space 12800K, 100% used [0x00000000d5580000,0x00000000d6200000,0x00000000d6200000)
  from space 1024K, 98% used [0x00000000d6500000,0x00000000d65fafc8,0x00000000d6600000)
  to   space 2560K, 0% used [0x00000000d6200000,0x00000000d6200000,0x00000000d6480000)
 ParOldGen       total 120832K, used 120740K [0x0000000080000000, 0x0000000087600000, 0x00000000d5580000)
  object space 120832K, 99% used [0x0000000080000000,0x00000000875e9050,0x0000000087600000)
 Metaspace       used 70599K, committed 72256K, reserved 1114112K
  class space    used 7286K, committed 8000K, reserved 1048576K
}
Event: 18.869 GC heap after
{Heap after GC invocations=132 (full 3):
 PSYoungGen      total 14336K, used 1307K [0x00000000d5580000, 0x00000000d6600000, 0x0000000100000000)
  eden space 12800K, 0% used [0x00000000d5580000,0x00000000d5580000,0x00000000d6200000)
  from space 1536K, 85% used [0x00000000d6200000,0x00000000d6346ff8,0x00000000d6380000)
  to   space 2048K, 0% used [0x00000000d6400000,0x00000000d6400000,0x00000000d6600000)
 ParOldGen       total 121856K, used 121837K [0x0000000080000000, 0x0000000087700000, 0x00000000d5580000)
  object space 121856K, 99% used [0x0000000080000000,0x00000000876fb580,0x0000000087700000)
 Metaspace       used 70599K, committed 72256K, reserved 1114112K
  class space    used 7286K, committed 8000K, reserved 1048576K
}

Dll operation events (10 events):
Event: 0.011 Loaded shared library c:\Users\ACER\.vscode\extensions\redhat.java-1.55.0-win32-x64\jre\21.0.11-win32-x86_64\bin\java.dll
Event: 0.059 Loaded shared library c:\Users\ACER\.vscode\extensions\redhat.java-1.55.0-win32-x64\jre\21.0.11-win32-x86_64\bin\zip.dll
Event: 0.074 Loaded shared library C:\Users\ACER\.vscode\extensions\redhat.java-1.55.0-win32-x64\jre\21.0.11-win32-x86_64\bin\instrument.dll
Event: 0.078 Loaded shared library C:\Users\ACER\.vscode\extensions\redhat.java-1.55.0-win32-x64\jre\21.0.11-win32-x86_64\bin\net.dll
Event: 0.079 Loaded shared library C:\Users\ACER\.vscode\extensions\redhat.java-1.55.0-win32-x64\jre\21.0.11-win32-x86_64\bin\nio.dll
Event: 0.082 Loaded shared library C:\Users\ACER\.vscode\extensions\redhat.java-1.55.0-win32-x64\jre\21.0.11-win32-x86_64\bin\zip.dll
Event: 0.094 Loaded shared library C:\Users\ACER\.vscode\extensions\redhat.java-1.55.0-win32-x64\jre\21.0.11-win32-x86_64\bin\jimage.dll
Event: 0.151 Loaded shared library c:\Users\ACER\.vscode\extensions\redhat.java-1.55.0-win32-x64\jre\21.0.11-win32-x86_64\bin\verify.dll
Event: 0.825 Loaded shared library C:\Users\ACER\AppData\Roaming\Code\User\globalStorage\redhat.java\1.55.0\config_win\org.eclipse.equinox.launcher\org.eclipse.equinox.launcher.win32.win32.x86_64_1.3.100.v20260613-0559\eclipse_11924.dll
Event: 5.720 Loaded shared library C:\Users\ACER\AppData\Local\Temp\jna-2003023\jna2966240417163480281.dll

Deoptimization events (20 events):
Event: 18.812 Thread 0x00000225991a04c0 DEOPT PACKING pc=0x000002253aa6dc9a sp=0x00000035504fd6c0
Event: 18.812 Thread 0x00000225991a04c0 DEOPT UNPACKING pc=0x00000225410c78e2 sp=0x00000035504fcb68 mode 0
Event: 18.870 Thread 0x00000225956aebf0 Uncommon trap: trap_request=0xffffff45 fr.pc=0x00000225417a69b4 relative=0x0000000000000414
Event: 18.870 Thread 0x00000225956aebf0 Uncommon trap: reason=unstable_if action=reinterpret pc=0x00000225417a69b4 method=java.util.HashMap.putVal(ILjava/lang/Object;Ljava/lang/Object;ZZ)Ljava/lang/Object; @ 162 c2
Event: 18.870 Thread 0x00000225956aebf0 DEOPT PACKING pc=0x00000225417a69b4 sp=0x000000354c0fc640
Event: 18.870 Thread 0x00000225956aebf0 DEOPT UNPACKING pc=0x00000225410c6da2 sp=0x000000354c0fc5b0 mode 2
Event: 18.871 Thread 0x00000225956aebf0 Uncommon trap: trap_request=0xffffff45 fr.pc=0x000002254166ff2c relative=0x000000000000044c
Event: 18.871 Thread 0x00000225956aebf0 Uncommon trap: reason=unstable_if action=reinterpret pc=0x000002254166ff2c method=java.util.HashMap.resize()[Ljava/util/HashMap$Node; @ 203 c2
Event: 18.871 Thread 0x00000225956aebf0 DEOPT PACKING pc=0x000002254166ff2c sp=0x000000354c0fc670
Event: 18.871 Thread 0x00000225956aebf0 DEOPT UNPACKING pc=0x00000225410c6da2 sp=0x000000354c0fc5d8 mode 2
Event: 18.873 Thread 0x00000225956aebf0 DEOPT PACKING pc=0x000002253ac813d1 sp=0x000000354c0fcd40
Event: 18.873 Thread 0x00000225956aebf0 DEOPT UNPACKING pc=0x00000225410c78e2 sp=0x000000354c0fc210 mode 0
Event: 18.873 Thread 0x00000225956aebf0 DEOPT PACKING pc=0x000002253aa4cbd5 sp=0x000000354c0fce50
Event: 18.873 Thread 0x00000225956aebf0 DEOPT UNPACKING pc=0x00000225410c78e2 sp=0x000000354c0fc288 mode 0
Event: 18.889 Thread 0x00000225991a04c0 DEOPT PACKING pc=0x000002253b8ea683 sp=0x00000035504fd420
Event: 18.889 Thread 0x00000225991a04c0 DEOPT UNPACKING pc=0x00000225410c78e2 sp=0x00000035504fcae0 mode 0
Event: 18.911 Thread 0x00000225956aebf0 DEOPT PACKING pc=0x000002253aa6dd0d sp=0x000000354c0fc3c0
Event: 18.911 Thread 0x00000225956aebf0 DEOPT UNPACKING pc=0x00000225410c78e2 sp=0x000000354c0fb858 mode 0
Event: 18.913 Thread 0x00000225956aebf0 DEOPT PACKING pc=0x000002253b8ba9ae sp=0x000000354c0fe190
Event: 18.913 Thread 0x00000225956aebf0 DEOPT UNPACKING pc=0x00000225410c78e2 sp=0x000000354c0fd630 mode 0

Classes loaded (20 events):
Event: 16.260 Loading class java/io/SequenceInputStream
Event: 16.260 Loading class java/io/SequenceInputStream done
Event: 16.342 Loading class java/util/concurrent/CompletableFuture$UniApply
Event: 16.342 Loading class java/util/concurrent/CompletableFuture$UniCompletion
Event: 16.342 Loading class java/util/concurrent/CompletableFuture$UniCompletion done
Event: 16.342 Loading class java/util/concurrent/CompletableFuture$UniApply done
Event: 16.343 Loading class java/util/concurrent/CompletableFuture$UniAccept
Event: 16.343 Loading class java/util/concurrent/CompletableFuture$UniAccept done
Event: 16.343 Loading class java/util/concurrent/CompletableFuture$UniExceptionally
Event: 16.343 Loading class java/util/concurrent/CompletableFuture$UniExceptionally done
Event: 16.512 Loading class javax/xml/transform/TransformerConfigurationException
Event: 16.512 Loading class javax/xml/transform/TransformerConfigurationException done
Event: 16.533 Loading class java/util/Hashtable$KeySet
Event: 16.533 Loading class java/util/Hashtable$KeySet done
Event: 16.577 Loading class java/lang/UnsupportedClassVersionError
Event: 16.577 Loading class java/lang/UnsupportedClassVersionError done
Event: 17.737 Loading class java/lang/invoke/MethodHandleImpl$CountingWrapper$1
Event: 17.737 Loading class java/lang/invoke/MethodHandleImpl$CountingWrapper$1 done
Event: 18.340 Loading class java/util/HashMap$EntrySpliterator
Event: 18.340 Loading class java/util/HashMap$EntrySpliterator done

Classes unloaded (7 events):
Event: 7.118 Thread 0x000002254d3d33d0 Unloading class 0x000002254f1ac800 'java/lang/invoke/LambdaForm$MH+0x000002254f1ac800'
Event: 7.118 Thread 0x000002254d3d33d0 Unloading class 0x000002254f1ac400 'java/lang/invoke/LambdaForm$MH+0x000002254f1ac400'
Event: 7.118 Thread 0x000002254d3d33d0 Unloading class 0x000002254f1ac000 'java/lang/invoke/LambdaForm$MH+0x000002254f1ac000'
Event: 7.118 Thread 0x000002254d3d33d0 Unloading class 0x000002254f1abc00 'java/lang/invoke/LambdaForm$MH+0x000002254f1abc00'
Event: 7.118 Thread 0x000002254d3d33d0 Unloading class 0x000002254f1ab800 'java/lang/invoke/LambdaForm$BMH+0x000002254f1ab800'
Event: 7.118 Thread 0x000002254d3d33d0 Unloading class 0x000002254f1ab400 'java/lang/invoke/LambdaForm$DMH+0x000002254f1ab400'
Event: 7.118 Thread 0x000002254d3d33d0 Unloading class 0x000002254f1aa000 'java/lang/invoke/LambdaForm$DMH+0x000002254f1aa000'

Classes redefined (0 events):
No events

Internal exceptions (20 events):
Event: 18.738 Thread 0x00000225956aebf0 Implicit null exception at 0x000002253b8c7121 to 0x000002253b8c731d
Event: 18.738 Thread 0x00000225956aebf0 Exception <a 'java/lang/NullPointerException'{0x00000000d59f00f8}> (0x00000000d59f00f8) 
thrown [s\src\hotspot\share\runtime\sharedRuntime.cpp, line 625]
Event: 18.738 Thread 0x00000225956aebf0 Implicit null exception at 0x000002253b8c7121 to 0x000002253b8c731d
Event: 18.738 Thread 0x00000225956aebf0 Exception <a 'java/lang/NullPointerException'{0x00000000d5a25f38}> (0x00000000d5a25f38) 
thrown [s\src\hotspot\share\runtime\sharedRuntime.cpp, line 625]
Event: 18.738 Thread 0x00000225956aebf0 Implicit null exception at 0x000002253b8c7121 to 0x000002253b8c731d
Event: 18.738 Thread 0x00000225956aebf0 Exception <a 'java/lang/NullPointerException'{0x00000000d5a268d0}> (0x00000000d5a268d0) 
thrown [s\src\hotspot\share\runtime\sharedRuntime.cpp, line 625]
Event: 18.738 Thread 0x00000225956aebf0 Implicit null exception at 0x000002253b8c7121 to 0x000002253b8c731d
Event: 18.738 Thread 0x00000225956aebf0 Exception <a 'java/lang/NullPointerException'{0x00000000d5a27040}> (0x00000000d5a27040) 
thrown [s\src\hotspot\share\runtime\sharedRuntime.cpp, line 625]
Event: 18.738 Thread 0x00000225956aebf0 Implicit null exception at 0x000002253b8c7121 to 0x000002253b8c731d
Event: 18.738 Thread 0x00000225956aebf0 Exception <a 'java/lang/NullPointerException'{0x00000000d5a27a38}> (0x00000000d5a27a38) 
thrown [s\src\hotspot\share\runtime\sharedRuntime.cpp, line 625]
Event: 18.738 Thread 0x00000225956aebf0 Implicit null exception at 0x000002253b8c7121 to 0x000002253b8c731d
Event: 18.738 Thread 0x00000225956aebf0 Exception <a 'java/lang/NullPointerException'{0x00000000d5a28430}> (0x00000000d5a28430) 
thrown [s\src\hotspot\share\runtime\sharedRuntime.cpp, line 625]
Event: 18.743 Thread 0x00000225956aebf0 Implicit null exception at 0x000002253b8c7121 to 0x000002253b8c731d
Event: 18.743 Thread 0x00000225956aebf0 Exception <a 'java/lang/NullPointerException'{0x00000000d5bfc8e0}> (0x00000000d5bfc8e0) 
thrown [s\src\hotspot\share\runtime\sharedRuntime.cpp, line 625]
Event: 18.743 Thread 0x00000225956aebf0 Implicit null exception at 0x000002253b8c7121 to 0x000002253b8c731d
Event: 18.743 Thread 0x00000225956aebf0 Exception <a 'java/lang/NullPointerException'{0x00000000d5bfd088}> (0x00000000d5bfd088) 
thrown [s\src\hotspot\share\runtime\sharedRuntime.cpp, line 625]
Event: 18.743 Thread 0x00000225956aebf0 Implicit null exception at 0x000002253b8c7121 to 0x000002253b8c731d
Event: 18.743 Thread 0x00000225956aebf0 Exception <a 'java/lang/NullPointerException'{0x00000000d5bfd8a0}> (0x00000000d5bfd8a0) 
thrown [s\src\hotspot\share\runtime\sharedRuntime.cpp, line 625]
Event: 18.831 Thread 0x000002259919f7a0 Exception <a 'java/lang/LinkageError'{0x00000000d56df7b8}: loader lombok.launch.ShadowClassLoader @5148e28e attempted duplicate class definition for lombok.eclipse.agent.PatchDiagnostics. (lombok.eclipse.agent.PatchDiagnostics is in unnamed module of loader lombok.launch.ShadowClassLoader @5148e28e, parent loader org.eclipse.osgi.internal.loader.EquinoxClassLoader @37ab8706)> (0x00000000d56df7b8) 
thrown [s\src\hotspot\share\classfile\systemDictionary.cpp, line 1673]
Event: 18.833 Thread 0x000002259919f7a0 Exception <a 'java/lang/LinkageError'{0x00000000d5a868a0}: loader lombok.launch.ShadowClassLoader @5148e28e attempted duplicate class definition for lombok.eclipse.EcjAugments. (lombok.eclipse.EcjAugments is in unnamed module of loader lombok.launch.ShadowClassLoader @5148e28e, parent loader org.eclipse.osgi.internal.loader.EquinoxClassLoader @37ab8706)> (0x00000000d5a868a0) 
thrown [s\src\hotspot\share\classfile\systemDictionary.cpp, line 1673]

ZGC Phase Switch (0 events):
No events

VM Operations (20 events):
Event: 18.590 Executing safepoint VM operation: ICBufferFull
Event: 18.590 Executing safepoint VM operation: ICBufferFull done
Event: 18.590 Executing safepoint VM operation: ICBufferFull
Event: 18.590 Executing safepoint VM operation: ICBufferFull done
Event: 18.590 Executing safepoint VM operation: ICBufferFull
Event: 18.590 Executing safepoint VM operation: ICBufferFull done
Event: 18.609 Executing safepoint VM operation: ParallelGCFailedAllocation (Allocation Failure)
Event: 18.612 Executing safepoint VM operation: ParallelGCFailedAllocation (Allocation Failure) done
Event: 18.633 Executing safepoint VM operation: ParallelGCFailedAllocation (Allocation Failure)
Event: 18.636 Executing safepoint VM operation: ParallelGCFailedAllocation (Allocation Failure) done
Event: 18.653 Executing safepoint VM operation: ParallelGCFailedAllocation (Allocation Failure)
Event: 18.654 Executing safepoint VM operation: ParallelGCFailedAllocation (Allocation Failure) done
Event: 18.691 Executing safepoint VM operation: ParallelGCFailedAllocation (Allocation Failure)
Event: 18.692 Executing safepoint VM operation: ParallelGCFailedAllocation (Allocation Failure) done
Event: 18.796 Executing safepoint VM operation: ParallelGCFailedAllocation (Allocation Failure)
Event: 18.798 Executing safepoint VM operation: ParallelGCFailedAllocation (Allocation Failure) done
Event: 18.867 Executing safepoint VM operation: ParallelGCFailedAllocation (Allocation Failure)
Event: 18.869 Executing safepoint VM operation: ParallelGCFailedAllocation (Allocation Failure) done
Event: 19.027 Executing safepoint VM operation: ParallelGCFailedAllocation (Allocation Failure)
Event: 19.027 Executing safepoint VM operation: ParallelGCFailedAllocation (Allocation Failure) done

Memory protections (0 events):
No events

Nmethod flushes (20 events):
Event: 12.413 Thread 0x000002254d3d33d0 flushing  nmethod 0x000002253a351a10
Event: 12.413 Thread 0x000002254d3d33d0 flushing  nmethod 0x000002253a351f90
Event: 12.413 Thread 0x000002254d3d33d0 flushing  nmethod 0x000002253a363610
Event: 12.413 Thread 0x000002254d3d33d0 flushing  nmethod 0x000002253a373710
Event: 12.413 Thread 0x000002254d3d33d0 flushing  nmethod 0x000002253a375a10
Event: 12.413 Thread 0x000002254d3d33d0 flushing  nmethod 0x000002253a38a290
Event: 12.413 Thread 0x000002254d3d33d0 flushing  nmethod 0x000002253a38b590
Event: 12.413 Thread 0x000002254d3d33d0 flushing  nmethod 0x000002253a38e110
Event: 12.413 Thread 0x000002254d3d33d0 flushing  nmethod 0x000002253a394610
Event: 12.413 Thread 0x000002254d3d33d0 flushing  nmethod 0x000002253a3ae410
Event: 12.413 Thread 0x000002254d3d33d0 flushing osr nmethod 0x000002253a401710
Event: 12.413 Thread 0x000002254d3d33d0 flushing  nmethod 0x000002253a409090
Event: 12.413 Thread 0x000002254d3d33d0 flushing  nmethod 0x000002253a40e890
Event: 12.413 Thread 0x000002254d3d33d0 flushing  nmethod 0x000002253a42c010
Event: 12.413 Thread 0x000002254d3d33d0 flushing  nmethod 0x000002253a486c90
Event: 12.413 Thread 0x000002254d3d33d0 flushing  nmethod 0x000002253a487990
Event: 12.413 Thread 0x000002254d3d33d0 flushing  nmethod 0x000002253a48de10
Event: 12.413 Thread 0x000002254d3d33d0 flushing  nmethod 0x000002253a49d510
Event: 12.413 Thread 0x000002254d3d33d0 flushing  nmethod 0x000002253a4a1a90
Event: 12.413 Thread 0x000002254d3d33d0 flushing  nmethod 0x000002253a4e9d10

Events (20 events):
Event: 15.285 Thread 0x00000225956ac490 Thread added: 0x00000225991a04c0
Event: 15.285 Thread 0x00000225956ac490 Thread added: 0x000002259919f7a0
Event: 15.307 Thread 0x000002259919b600 Thread exited: 0x000002259919b600
Event: 15.307 Thread 0x000002259919d6d0 Thread exited: 0x000002259919d6d0
Event: 15.307 Thread 0x000002259919f7a0 Thread exited: 0x000002259919f7a0
Event: 15.307 Thread 0x000002259919bc90 Thread exited: 0x000002259919bc90
Event: 15.307 Thread 0x00000225991a04c0 Thread exited: 0x00000225991a04c0
Event: 15.490 Thread 0x00000225956aebf0 Thread added: 0x000002259919bc90
Event: 15.756 Thread 0x000002259919bc90 Thread exited: 0x000002259919bc90
Event: 16.343 Thread 0x000002259839d480 Thread added: 0x000002259919b600
Event: 16.353 Thread 0x000002259839d480 Thread added: 0x000002259919f110
Event: 16.385 Thread 0x000002259839d480 Thread added: 0x000002259919d6d0
Event: 16.389 Thread 0x000002259839d480 Thread added: 0x000002259919bc90
Event: 16.389 Thread 0x000002259919bc90 Thread added: 0x00000225991a1870
Event: 16.390 Thread 0x000002259839d480 Thread added: 0x000002259919f7a0
Event: 16.393 Thread 0x000002259839d480 Thread added: 0x000002259919fe30
Event: 16.394 Thread 0x000002259839d480 Thread added: 0x00000225991a1f00
Event: 16.394 Thread 0x00000225991a1f00 Thread added: 0x00000225991a04c0
Event: 16.399 Thread 0x000002259839d480 Thread added: 0x00000225991a2590
Event: 16.400 Thread 0x00000225991a2590 Thread added: 0x00000225991a0b50


Dynamic libraries:
0x00007ff637290000 - 0x00007ff63729e000 	c:\Users\ACER\.vscode\extensions\redhat.java-1.55.0-win32-x64\jre\21.0.11-win32-x86_64\bin\java.exe
0x00007ffe28e80000 - 0x00007ffe290e6000 	C:\WINDOWS\SYSTEM32\ntdll.dll
0x00007ffe27a00000 - 0x00007ffe27ac9000 	C:\WINDOWS\System32\KERNEL32.DLL
0x00007ffe264f0000 - 0x00007ffe268ee000 	C:\WINDOWS\System32\KERNELBASE.dll
0x00007ffe26130000 - 0x00007ffe2627c000 	C:\WINDOWS\System32\ucrtbase.dll
0x00007ffe1bfd0000 - 0x00007ffe1bfee000 	c:\Users\ACER\.vscode\extensions\redhat.java-1.55.0-win32-x64\jre\21.0.11-win32-x86_64\bin\VCRUNTIME140.dll
0x00007ffe1a8f0000 - 0x00007ffe1a908000 	c:\Users\ACER\.vscode\extensions\redhat.java-1.55.0-win32-x64\jre\21.0.11-win32-x86_64\bin\jli.dll
0x00007ffe281f0000 - 0x00007ffe283b7000 	C:\WINDOWS\System32\USER32.dll
0x00007ffe0b5e0000 - 0x00007ffe0b872000 	C:\WINDOWS\WinSxS\amd64_microsoft.windows.common-controls_6595b64144ccf1df_6.0.26100.8875_none_3e0d5d42e32fe9dd\COMCTL32.dll
0x00007ffe26410000 - 0x00007ffe26437000 	C:\WINDOWS\System32\win32u.dll
0x00007ffe28090000 - 0x00007ffe280bb000 	C:\WINDOWS\System32\GDI32.dll
0x00007ffe283c0000 - 0x00007ffe28469000 	C:\WINDOWS\System32\msvcrt.dll
0x00007ffe26900000 - 0x00007ffe26a2a000 	C:\WINDOWS\System32\gdi32full.dll
0x00007ffe26440000 - 0x00007ffe264e3000 	C:\WINDOWS\System32\msvcp_win.dll
0x00007ffe28c00000 - 0x00007ffe28c32000 	C:\WINDOWS\System32\IMM32.DLL
0x00007ffe1a890000 - 0x00007ffe1a89c000 	c:\Users\ACER\.vscode\extensions\redhat.java-1.55.0-win32-x64\jre\21.0.11-win32-x86_64\bin\vcruntime140_1.dll
0x00007ffdf3350000 - 0x00007ffdf33dd000 	c:\Users\ACER\.vscode\extensions\redhat.java-1.55.0-win32-x64\jre\21.0.11-win32-x86_64\bin\msvcp140.dll
0x00007ffd5b730000 - 0x00007ffd5c4d2000 	c:\Users\ACER\.vscode\extensions\redhat.java-1.55.0-win32-x64\jre\21.0.11-win32-x86_64\bin\server\jvm.dll
0x00007ffe27930000 - 0x00007ffe279e7000 	C:\WINDOWS\System32\ADVAPI32.dll
0x00007ffe287a0000 - 0x00007ffe2884a000 	C:\WINDOWS\System32\sechost.dll
0x00007ffe285e0000 - 0x00007ffe286f8000 	C:\WINDOWS\System32\RPCRT4.dll
0x00007ffe28490000 - 0x00007ffe28510000 	C:\WINDOWS\System32\WS2_32.dll
0x00007ffe24bc0000 - 0x00007ffe24c1e000 	C:\WINDOWS\SYSTEM32\POWRPROF.dll
0x00007ffe0e4d0000 - 0x00007ffe0e506000 	C:\WINDOWS\SYSTEM32\WINMM.dll
0x00007ffe1b6a0000 - 0x00007ffe1b6ab000 	C:\WINDOWS\SYSTEM32\VERSION.dll
0x00007ffe24ba0000 - 0x00007ffe24bb4000 	C:\WINDOWS\SYSTEM32\UMPDC.dll
0x00007ffe24ea0000 - 0x00007ffe24ebb000 	C:\WINDOWS\SYSTEM32\kernel.appcore.dll
0x00007ffe1a920000 - 0x00007ffe1a92a000 	c:\Users\ACER\.vscode\extensions\redhat.java-1.55.0-win32-x64\jre\21.0.11-win32-x86_64\bin\jimage.dll
0x00007ffe235e0000 - 0x00007ffe23822000 	C:\WINDOWS\SYSTEM32\DBGHELP.DLL
0x00007ffe27ad0000 - 0x00007ffe27e53000 	C:\WINDOWS\System32\combase.dll
0x00007ffe28110000 - 0x00007ffe281e9000 	C:\WINDOWS\System32\OLEAUT32.dll
0x00007ffdf30f0000 - 0x00007ffdf312b000 	C:\WINDOWS\SYSTEM32\dbgcore.DLL
0x00007ffe26350000 - 0x00007ffe263fc000 	C:\WINDOWS\System32\bcryptPrimitives.dll
0x00007ffe1a910000 - 0x00007ffe1a91f000 	c:\Users\ACER\.vscode\extensions\redhat.java-1.55.0-win32-x64\jre\21.0.11-win32-x86_64\bin\instrument.dll
0x00007ffe1a8b0000 - 0x00007ffe1a8d0000 	c:\Users\ACER\.vscode\extensions\redhat.java-1.55.0-win32-x64\jre\21.0.11-win32-x86_64\bin\java.dll
0x00007ffe26cf0000 - 0x00007ffe27482000 	C:\WINDOWS\System32\SHELL32.dll
0x00007ffe23b50000 - 0x00007ffe243e2000 	C:\WINDOWS\SYSTEM32\windows.storage.dll
0x00007ffe28c40000 - 0x00007ffe28d37000 	C:\WINDOWS\System32\SHCORE.dll
0x00007ffe26c80000 - 0x00007ffe26ce7000 	C:\WINDOWS\System32\shlwapi.dll
0x00007ffe25fc0000 - 0x00007ffe25fe9000 	C:\WINDOWS\SYSTEM32\profapi.dll
0x00007ffe1a840000 - 0x00007ffe1a858000 	c:\Users\ACER\.vscode\extensions\redhat.java-1.55.0-win32-x64\jre\21.0.11-win32-x86_64\bin\zip.dll
0x00007ffe1a8a0000 - 0x00007ffe1a8b0000 	C:\Users\ACER\.vscode\extensions\redhat.java-1.55.0-win32-x64\jre\21.0.11-win32-x86_64\bin\net.dll
0x00007ffe1b0e0000 - 0x00007ffe1b207000 	C:\WINDOWS\SYSTEM32\WINHTTP.dll
0x00007ffe25450000 - 0x00007ffe254bc000 	C:\WINDOWS\system32\mswsock.dll
0x00007ffe1a7d0000 - 0x00007ffe1a7e6000 	C:\Users\ACER\.vscode\extensions\redhat.java-1.55.0-win32-x64\jre\21.0.11-win32-x86_64\bin\nio.dll
0x00007ffe1a880000 - 0x00007ffe1a890000 	c:\Users\ACER\.vscode\extensions\redhat.java-1.55.0-win32-x64\jre\21.0.11-win32-x86_64\bin\verify.dll
0x00007ffe13f60000 - 0x00007ffe13fa5000 	C:\Users\ACER\AppData\Roaming\Code\User\globalStorage\redhat.java\1.55.0\config_win\org.eclipse.equinox.launcher\org.eclipse.equinox.launcher.win32.win32.x86_64_1.3.100.v20260613-0559\eclipse_11924.dll
0x00007ffe27ef0000 - 0x00007ffe28089000 	C:\WINDOWS\System32\ole32.dll
0x00007ffe25750000 - 0x00007ffe2576b000 	C:\WINDOWS\SYSTEM32\CRYPTSP.dll
0x00007ffe24e00000 - 0x00007ffe24e39000 	C:\WINDOWS\system32\rsaenh.dll
0x00007ffe25510000 - 0x00007ffe25542000 	C:\WINDOWS\SYSTEM32\USERENV.dll
0x00007ffe25f90000 - 0x00007ffe25fba000 	C:\WINDOWS\SYSTEM32\bcrypt.dll
0x00007ffe25770000 - 0x00007ffe2577c000 	C:\WINDOWS\SYSTEM32\CRYPTBASE.dll
0x00007ffe247e0000 - 0x00007ffe24813000 	C:\WINDOWS\SYSTEM32\IPHLPAPI.DLL
0x00007ffe279f0000 - 0x00007ffe279fa000 	C:\WINDOWS\System32\NSI.dll
0x00007ffdb29d0000 - 0x00007ffdb2a19000 	C:\Users\ACER\AppData\Local\Temp\jna-2003023\jna2966240417163480281.dll
0x00007ffe26bb0000 - 0x00007ffe26bb8000 	C:\WINDOWS\System32\PSAPI.DLL
0x00007ffe1b6e0000 - 0x00007ffe1b6fd000 	C:\WINDOWS\SYSTEM32\dhcpcsvc6.DLL
0x00007ffe1b6b0000 - 0x00007ffe1b6d5000 	C:\WINDOWS\SYSTEM32\dhcpcsvc.DLL

JVMTI agents:
c:\Users\ACER\.vscode\extensions\redhat.java-1.55.0-win32-x64\lombok\lombok-1.18.39-4050.jar path:c:\Users\ACER\.vscode\extensions\redhat.java-1.55.0-win32-x64\jre\21.0.11-win32-x86_64\bin\instrument.dll, loaded, initialized, instrumentlib options:none

dbghelp: loaded successfully - version: 4.0.5 - missing functions: none
symbol engine: initialized successfully - sym options: 0x614 - pdb path: .;c:\Users\ACER\.vscode\extensions\redhat.java-1.55.0-win32-x64\jre\21.0.11-win32-x86_64\bin;C:\WINDOWS\SYSTEM32;C:\WINDOWS\WinSxS\amd64_microsoft.windows.common-controls_6595b64144ccf1df_6.0.26100.8875_none_3e0d5d42e32fe9dd;c:\Users\ACER\.vscode\extensions\redhat.java-1.55.0-win32-x64\jre\21.0.11-win32-x86_64\bin\server;C:\Users\ACER\AppData\Roaming\Code\User\globalStorage\redhat.java\1.55.0\config_win\org.eclipse.equinox.launcher\org.eclipse.equinox.launcher.win32.win32.x86_64_1.3.100.v20260613-0559;C:\Users\ACER\AppData\Local\Temp\jna-2003023

VM Arguments:
jvm_args: --add-modules=ALL-SYSTEM --add-opens=java.base/java.util=ALL-UNNAMED --add-opens=java.base/java.lang=ALL-UNNAMED --add-opens=java.base/sun.nio.fs=ALL-UNNAMED -Declipse.application=org.eclipse.jdt.ls.core.id1 -Dosgi.bundles.defaultStartLevel=4 -Declipse.product=org.eclipse.jdt.ls.core.product -Djava.import.generatesMetadataFilesAtProjectRoot=false -DDetectVMInstallationsJob.disabled=true -Dfile.encoding=utf8 -XX:+UseParallelGC -XX:GCTimeRatio=4 -XX:AdaptiveSizePolicyWeight=90 -Dsun.zip.disableMemoryMapping=true -Xmx2G -Xms100m -Xlog:disable -javaagent:c:\Users\ACER\.vscode\extensions\redhat.java-1.55.0-win32-x64\lombok\lombok-1.18.39-4050.jar -XX:+HeapDumpOnOutOfMemoryError -XX:HeapDumpPath=c:\Users\ACER\AppData\Roaming\Code\User\workspaceStorage\4a4f0ebea5eac3939ac07aeca1cd76eb\redhat.java -Daether.dependencyCollector.impl=bf 
java_command: c:\Users\ACER\.vscode\extensions\redhat.java-1.55.0-win32-x64\server\plugins\org.eclipse.equinox.launcher_1.7.200.v20260619-2039.jar -configuration c:\Users\ACER\AppData\Roaming\Code\User\globalStorage\redhat.java\1.55.0\config_win -data c:\Users\ACER\AppData\Roaming\Code\User\workspaceStorage\4a4f0ebea5eac3939ac07aeca1cd76eb\redhat.java\jdt_ws --pipe=\\.\pipe\lsp-a20fc88bbd297be9e8531a9eac5dae45-sock
java_class_path (initial): c:\Users\ACER\.vscode\extensions\redhat.java-1.55.0-win32-x64\server\plugins\org.eclipse.equinox.launcher_1.7.200.v20260619-2039.jar
Launcher Type: SUN_STANDARD

[Global flags]
    uintx AdaptiveSizePolicyWeight                 = 90                                        {product} {command line}
     intx CICompilerCount                          = 4                                         {product} {ergonomic}
    uintx GCTimeRatio                              = 4                                         {product} {command line}
     bool HeapDumpOnOutOfMemoryError               = true                                   {manageable} {command line}
    ccstr HeapDumpPath                             = c:\Users\ACER\AppData\Roaming\Code\User\workspaceStorage\4a4f0ebea5eac3939ac07aeca1cd76eb\redhat.java         {manageable} {command line}
   size_t InitialHeapSize                          = 104857600                                 {product} {command line}
   size_t MaxHeapSize                              = 2147483648                                {product} {command line}
   size_t MaxNewSize                               = 715653120                                 {product} {ergonomic}
   size_t MinHeapDeltaBytes                        = 524288                                    {product} {ergonomic}
   size_t MinHeapSize                              = 104857600                                 {product} {command line}
   size_t NewSize                                  = 34603008                                  {product} {ergonomic}
    uintx NonNMethodCodeHeapSize                   = 5839372                                {pd product} {ergonomic}
    uintx NonProfiledCodeHeapSize                  = 122909434                              {pd product} {ergonomic}
   size_t OldSize                                  = 70254592                                  {product} {ergonomic}
    uintx ProfiledCodeHeapSize                     = 122909434                              {pd product} {ergonomic}
    uintx ReservedCodeCacheSize                    = 251658240                              {pd product} {ergonomic}
     bool SegmentedCodeCache                       = true                                      {product} {ergonomic}
   size_t SoftMaxHeapSize                          = 2147483648                             {manageable} {ergonomic}
     bool UseCompressedOops                        = true                           {product lp64_product} {ergonomic}
     bool UseLargePagesIndividualAllocation        = false                                  {pd product} {ergonomic}
     bool UseParallelGC                            = true                                      {product} {command line}

Logging:
Log output configuration:
 #0: stdout all=off uptime,level,tags foldmultilines=false
 #1: stderr all=off uptime,level,tags foldmultilines=false

Release file:
JAVA_VERSION="21.0.11" 
MODULES="java.base java.compiler java.datatransfer java.xml java.prefs java.desktop java.instrument java.logging java.management java.security.sasl java.naming java.rmi java.management.rmi java.net.http java.scripting java.security.jgss java.transaction.xa java.sql java.sql.rowset java.xml.crypto java.se java.smartcardio jdk.accessibility jdk.internal.jvmstat jdk.attach jdk.charsets jdk.internal.opt jdk.zipfs jdk.compiler jdk.crypto.ec jdk.crypto.cryptoki jdk.crypto.mscapi jdk.dynalink jdk.internal.ed jdk.editpad jdk.hotspot.agent jdk.httpserver jdk.internal.le jdk.internal.vm.ci jdk.internal.vm.compiler jdk.internal.vm.compiler.management jdk.jartool jdk.javadoc jdk.jcmd jdk.management jdk.management.agent jdk.jconsole jdk.jdeps jdk.jdwp.agent jdk.jdi jdk.jfr jdk.jshell jdk.jsobject jdk.jstatd jdk.localedata jdk.management.jfr jdk.naming.dns jdk.naming.rmi jdk.net jdk.nio.mapmode jdk.random jdk.sctp jdk.security.auth jdk.security.jgss jdk.unsupported jdk.unsupported.desktop jdk.xml.dom" 

Environment Variables:
PATH=C:\Program Files\Microsoft SDKs\Azure\CLI2\wbin;C:\Program Files\Common Files\Oracle\Java\javapath;C:\Windows\system32;C:\Windows;C:\Windows\System32\Wbem;C:\Windows\System32\WindowsPowerShell\v1.0\;C:\Windows\System32\OpenSSH\;C:\Program Files (x86)\NVIDIA Corporation\PhysX\Common;C:\Program Files\NVIDIA Corporation\NVIDIA NvDLISR;C:\WINDOWS\system32;C:\WINDOWS;C:\WINDOWS\System32\Wbem;C:\WINDOWS\System32\WindowsPowerShell\v1.0\;C:\WINDOWS\System32\OpenSSH\;C:\Program Files\PuTTY\;C:\Program Files\Git\cmd;C:\workspace\apache-maven-3.9.12-bin\apache-maven-3.9.12\bin;C:\Program Files\nodejs\;C:\Program Files\Docker\Docker\resources\bin;C:\Users\ACER\AppData\Local\Programs\Python\Launcher\;C:\Users\ACER\AppData\Local\Microsoft\WindowsApps;C:\Program Files\JetBrains\PyCharm Community Edition 2024.2\bin;;C:\Users\ACER\AppData\Local\Programs\Microsoft VS Code\bin;C:\Users\ACER\AppData\Local\GitHubDesktop\bin;C:\Users\ACER\AppData\Roaming\npm;C:\Users\ACER\.local\bin;
USERNAME=ACER
OS=Windows_NT
PROCESSOR_IDENTIFIER=Intel64 Family 6 Model 141 Stepping 1, GenuineIntel
TMP=C:\Users\ACER\AppData\Local\Temp
TEMP=C:\Users\ACER\AppData\Local\Temp




Periodic native trim disabled

---------------  S Y S T E M  ---------------

OS:
 Windows 11 , 64 bit Build 26100 (10.0.26100.8875)
OS uptime: 1 days 20:21 hours
Hyper-V role detected

CPU: total 12 (initial active 12) (6 cores per cpu, 2 threads per core) family 6 model 141 stepping 1 microcode 0x3c, cx8, cmov, fxsr, ht, mmx, 3dnowpref, sse, sse2, sse3, ssse3, sse4.1, sse4.2, popcnt, lzcnt, tsc, tscinvbit, avx, avx2, aes, erms, clmul, bmi1, bmi2, adx, avx512f, avx512dq, avx512cd, avx512bw, avx512vl, sha, fma, vzeroupper, avx512_vpopcntdq, avx512_vpclmulqdq, avx512_vaes, avx512_vnni, clflush, clflushopt, clwb, avx512_vbmi2, avx512_vbmi, hv, rdtscp, rdpid, fsrm, gfni, avx512_bitalg, f16c, cet_ibt, cet_ss, avx512_ifma
Processor Information for the first 12 processors :
  Max Mhz: 2688, Current Mhz: 2688, Mhz Limit: 2688

Memory: 4k page, system-wide physical 7971M (180M free)
TotalPageFile size 32547M (AvailPageFile size 20M)
current process WorkingSet (physical memory assigned to process): 349M, peak: 381M
current process commit charge ("private bytes"): 435M, peak: 459M

vm_info: OpenJDK 64-Bit Server VM (21.0.11+10-LTS) for windows-amd64 JRE (21.0.11+10-LTS), built on 2026-04-21T00:00:00Z by "admin" with MS VC++ 17.12 (VS2022)

END.
