#
# There is insufficient memory for the Java Runtime Environment to continue.
# Native memory allocation (malloc) failed to allocate 2372144 bytes. Error detail: Chunk::new
# Possible reasons:
#   The system is out of physical RAM or swap space
#   This process is running with CompressedOops enabled, and the Java Heap may be blocking the growth of the native heap
# Possible solutions:
#   Reduce memory load on the system
#   Increase physical memory or swap space
#   Check if swap backing store is full
#   Decrease Java heap size (-Xmx/-Xms)
#   Decrease number of Java threads
#   Decrease Java thread stack sizes (-Xss)
#   Set larger code cache with -XX:ReservedCodeCacheSize=
#   JVM is running with Unscaled Compressed Oops mode in which the Java heap is
#     placed in the first 4GB address space. The Java Heap base address is the
#     maximum limit for the native heap growth. Please use -XX:HeapBaseMinAddress
#     to set the Java Heap base and to place the Java Heap above 4GB virtual address.
# This output file may be truncated or incomplete.
#
#  Out of Memory Error (arena.cpp:168), pid=3936, tid=30732
#
# JRE version: OpenJDK Runtime Environment Temurin-21.0.11+10 (21.0.11+10) (build 21.0.11+10-LTS)
# Java VM: OpenJDK 64-Bit Server VM Temurin-21.0.11+10 (21.0.11+10-LTS, mixed mode, sharing, tiered, compressed oops, compressed class ptrs, parallel gc, windows-amd64)
# No core dump will be written. Minidumps are not enabled by default on client versions of Windows
#

---------------  S U M M A R Y ------------

Command Line: --add-modules=ALL-SYSTEM --add-opens=java.base/java.util=ALL-UNNAMED --add-opens=java.base/java.lang=ALL-UNNAMED --add-opens=java.base/sun.nio.fs=ALL-UNNAMED -Declipse.application=org.eclipse.jdt.ls.core.id1 -Dosgi.bundles.defaultStartLevel=4 -Declipse.product=org.eclipse.jdt.ls.core.product -Djava.import.generatesMetadataFilesAtProjectRoot=false -DDetectVMInstallationsJob.disabled=true -Dfile.encoding=utf8 -XX:+UseParallelGC -XX:GCTimeRatio=4 -XX:AdaptiveSizePolicyWeight=90 -Dsun.zip.disableMemoryMapping=true -Xmx2G -Xms100m -Xlog:disable -javaagent:c:\Users\ACER\.vscode\extensions\redhat.java-1.55.0-win32-x64\lombok\lombok-1.18.39-4050.jar -XX:+HeapDumpOnOutOfMemoryError -XX:HeapDumpPath=c:\Users\ACER\AppData\Roaming\Code\User\workspaceStorage\4a4f0ebea5eac3939ac07aeca1cd76eb\redhat.java -Daether.dependencyCollector.impl=bf c:\Users\ACER\.vscode\extensions\redhat.java-1.55.0-win32-x64\server\plugins\org.eclipse.equinox.launcher_1.7.200.v20260619-2039.jar -configuration c:\Users\ACER\AppData\Roaming\Code\User\globalStorage\redhat.java\1.55.0\config_win -data c:\Users\ACER\AppData\Roaming\Code\User\workspaceStorage\4a4f0ebea5eac3939ac07aeca1cd76eb\redhat.java\jdt_ws --pipe=\\.\pipe\lsp-702bdd388568bbe1009903298113103f-sock

Host: 11th Gen Intel(R) Core(TM) i5-11400H @ 2.70GHz, 12 cores, 7G,  Windows 11 , 64 bit Build 26100 (10.0.26100.8875)
Time: Mon Jul 20 20:23:46 2026 Hora est. Pacífico, Sudamérica elapsed time: 17.836115 seconds (0d 0h 0m 17s)

---------------  T H R E A D  ---------------

Current thread (0x00000158911c51d0):  JavaThread "C2 CompilerThread1" daemon [_thread_in_native, id=30732, stack(0x0000000d34300000,0x0000000d34400000) (1024K)]


Current CompileTask:
C2:17836 14324       4       org.eclipse.jdt.internal.compiler.lookup.BinaryTypeBinding::createMethod (1666 bytes)

Stack: [0x0000000d34300000,0x0000000d34400000]
Native frames: (J=compiled Java code, j=interpreted, Vv=VM code, C=native code)
V  [jvm.dll+0x6d7e19]
V  [jvm.dll+0x8b5096]
V  [jvm.dll+0x8b764e]
V  [jvm.dll+0x8b7d33]
V  [jvm.dll+0x284596]
V  [jvm.dll+0xc685d]
V  [jvm.dll+0xc6da1]
V  [jvm.dll+0x3bed6b]
V  [jvm.dll+0x38b2b2]
V  [jvm.dll+0x38a6fa]
V  [jvm.dll+0x24c700]
V  [jvm.dll+0x24bce0]
V  [jvm.dll+0x1cb4ae]
V  [jvm.dll+0x25baad]
V  [jvm.dll+0x25a03a]
V  [jvm.dll+0x3f868e]
V  [jvm.dll+0x85fb0d]
V  [jvm.dll+0x6d664d]
C  [ucrtbase.dll+0x2cd30]
C  [KERNEL32.DLL+0x2e957]
C  [ntdll.dll+0xaad6c]


---------------  P R O C E S S  ---------------

Threads class SMR info:
_java_thread_list=0x0000015892326bf0, length=96, elements={
0x000001583250d490, 0x00000158324be560, 0x0000015890003a20, 0x0000015890008590,
0x00000158900091f0, 0x000001589000d1c0, 0x00000158900112c0, 0x0000015890021ab0,
0x0000015890046880, 0x00000158902c4960, 0x00000158902b0dd0, 0x0000015890c57940,
0x0000015890d569e0, 0x00000158909c1cc0, 0x0000015890b8cf50, 0x000001589124dec0,
0x00000158917bfb20, 0x000001589114f530, 0x0000015891116e50, 0x0000015891117b70,
0x0000015891115410, 0x0000015891114d80, 0x00000158911174e0, 0x00000158911167c0,
0x0000015891116130, 0x0000015892c063b0, 0x0000015892c08480, 0x0000015892c06a40,
0x0000015892c07df0, 0x0000015892c05000, 0x0000015892c08b10, 0x0000015892c05690,
0x0000015892c07760, 0x0000015892c070d0, 0x0000015892c091a0, 0x0000015892c05d20,
0x0000015892c0b270, 0x0000015892c09ec0, 0x0000015892c0bf90, 0x0000015892c0a550,
0x0000015892c0c620, 0x0000015892c0abe0, 0x0000015892c0b900, 0x0000015892c09830,
0x00000158919d8ee0, 0x00000158919d9570, 0x00000158919dd080, 0x00000158919dafb0,
0x00000158919d9c00, 0x00000158919da290, 0x00000158919db640, 0x00000158919dc360,
0x00000158919dc9f0, 0x00000158919dd710, 0x00000158919ddda0, 0x00000158919da920,
0x00000158919de430, 0x00000158919e0500, 0x00000158919deac0, 0x00000158919df150,
0x00000158919df7e0, 0x00000158919dfe70, 0x00000158925b01f0, 0x00000158925afb60,
0x00000158925b0880, 0x00000158925ae7b0, 0x00000158925b0f10, 0x00000158925b22c0,
0x00000158925b15a0, 0x00000158925b1c30, 0x00000158925aee40, 0x00000158925b2950,
0x00000158925af4d0, 0x00000158925b3d00, 0x00000158925b2fe0, 0x00000158925b4a20,
0x00000158925b3670, 0x00000158925b4390, 0x00000158925b50b0, 0x00000158925b5740,
0x00000158925b5dd0, 0x0000015893dfeeb0, 0x0000015893dffbd0, 0x0000015893dfcde0,
0x00000158911c51d0, 0x0000015893e008f0, 0x0000015893dfd470, 0x0000015893e00f80,
0x0000015893dfdb00, 0x0000015893e01610, 0x0000015893e04400, 0x0000015893e03d70,
0x0000015893e01ca0, 0x0000015893e02330, 0x0000015893e029c0, 0x0000015893e03050
}

Java Threads: ( => current thread )
  0x000001583250d490 JavaThread "main"                              [_thread_blocked, id=31388, stack(0x0000000d2e100000,0x0000000d2e200000) (1024K)]
  0x00000158324be560 JavaThread "Reference Handler"          daemon [_thread_blocked, id=1296, stack(0x0000000d2e500000,0x0000000d2e600000) (1024K)]
  0x0000015890003a20 JavaThread "Finalizer"                  daemon [_thread_blocked, id=14884, stack(0x0000000d2e600000,0x0000000d2e700000) (1024K)]
  0x0000015890008590 JavaThread "Signal Dispatcher"          daemon [_thread_blocked, id=12280, stack(0x0000000d2e700000,0x0000000d2e800000) (1024K)]
  0x00000158900091f0 JavaThread "Attach Listener"            daemon [_thread_blocked, id=28644, stack(0x0000000d2e800000,0x0000000d2e900000) (1024K)]
  0x000001589000d1c0 JavaThread "Service Thread"             daemon [_thread_blocked, id=33492, stack(0x0000000d2e900000,0x0000000d2ea00000) (1024K)]
  0x00000158900112c0 JavaThread "Monitor Deflation Thread"   daemon [_thread_blocked, id=15356, stack(0x0000000d2ea00000,0x0000000d2eb00000) (1024K)]
  0x0000015890021ab0 JavaThread "C2 CompilerThread0"         daemon [_thread_in_native, id=33388, stack(0x0000000d2eb00000,0x0000000d2ec00000) (1024K)]
  0x0000015890046880 JavaThread "C1 CompilerThread0"         daemon [_thread_in_vm, id=9376, stack(0x0000000d2ec00000,0x0000000d2ed00000) (1024K)]
  0x00000158902c4960 JavaThread "Common-Cleaner"             daemon [_thread_blocked, id=27652, stack(0x0000000d2ed00000,0x0000000d2ee00000) (1024K)]
  0x00000158902b0dd0 JavaThread "Notification Thread"        daemon [_thread_blocked, id=11700, stack(0x0000000d2ef00000,0x0000000d2f000000) (1024K)]
  0x0000015890c57940 JavaThread "Active Thread: Equinox Container: a89e2712-e5f0-4bfa-a7cd-7dbf2e6cf6cb"        [_thread_blocked, id=29748, stack(0x0000000d2f600000,0x0000000d2f700000) (1024K)]
  0x0000015890d569e0 JavaThread "Refresh Thread: Equinox Container: a89e2712-e5f0-4bfa-a7cd-7dbf2e6cf6cb" daemon [_thread_blocked, id=22100, stack(0x0000000d2f800000,0x0000000d2f900000) (1024K)]
  0x00000158909c1cc0 JavaThread "Framework Event Dispatcher: Equinox Container: a89e2712-e5f0-4bfa-a7cd-7dbf2e6cf6cb" daemon [_thread_blocked, id=16628, stack(0x0000000d2f900000,0x0000000d2fa00000) (1024K)]
  0x0000015890b8cf50 JavaThread "Start Level: Equinox Container: a89e2712-e5f0-4bfa-a7cd-7dbf2e6cf6cb" daemon [_thread_blocked, id=25200, stack(0x0000000d2fa00000,0x0000000d2fb00000) (1024K)]
  0x000001589124dec0 JavaThread "Bundle File Closer"         daemon [_thread_blocked, id=16220, stack(0x0000000d2fd00000,0x0000000d2fe00000) (1024K)]
  0x00000158917bfb20 JavaThread "SCR Component Actor"        daemon [_thread_blocked, id=33312, stack(0x0000000d2ee00000,0x0000000d2ef00000) (1024K)]
  0x000001589114f530 JavaThread "Worker-JM"                         [_thread_blocked, id=34524, stack(0x0000000d2fe00000,0x0000000d2ff00000) (1024K)]
  0x0000015891116e50 JavaThread "JNA Cleaner"                daemon [_thread_blocked, id=34084, stack(0x0000000d2ff00000,0x0000000d30000000) (1024K)]
  0x0000015891117b70 JavaThread "Worker-0: Publish Diagnostics"        [_thread_in_Java, id=23032, stack(0x0000000d30000000,0x0000000d30100000) (1024K)]
  0x0000015891115410 JavaThread "Worker-1"                          [_thread_blocked, id=30020, stack(0x0000000d30100000,0x0000000d30200000) (1024K)]
  0x0000015891114d80 JavaThread "Worker-2"                          [_thread_blocked, id=5384, stack(0x0000000d30200000,0x0000000d30300000) (1024K)]
  0x00000158911174e0 JavaThread "Java indexing"              daemon [_thread_blocked, id=21276, stack(0x0000000d30300000,0x0000000d30400000) (1024K)]
  0x00000158911167c0 JavaThread "Worker-3"                          [_thread_blocked, id=30568, stack(0x0000000d30400000,0x0000000d30500000) (1024K)]
  0x0000015891116130 JavaThread "Thread-1"                   daemon [_thread_in_native, id=13728, stack(0x0000000d30700000,0x0000000d30800000) (1024K)]
  0x0000015892c063b0 JavaThread "Thread-2"                   daemon [_thread_in_native, id=10860, stack(0x0000000d30800000,0x0000000d30900000) (1024K)]
  0x0000015892c08480 JavaThread "Thread-3"                   daemon [_thread_in_native, id=26192, stack(0x0000000d30900000,0x0000000d30a00000) (1024K)]
  0x0000015892c06a40 JavaThread "Thread-4"                   daemon [_thread_in_native, id=1612, stack(0x0000000d30a00000,0x0000000d30b00000) (1024K)]
  0x0000015892c07df0 JavaThread "Thread-5"                   daemon [_thread_in_native, id=30976, stack(0x0000000d30b00000,0x0000000d30c00000) (1024K)]
  0x0000015892c05000 JavaThread "Thread-6"                   daemon [_thread_in_native, id=29128, stack(0x0000000d30c00000,0x0000000d30d00000) (1024K)]
  0x0000015892c08b10 JavaThread "Thread-7"                   daemon [_thread_in_native, id=24888, stack(0x0000000d30d00000,0x0000000d30e00000) (1024K)]
  0x0000015892c05690 JavaThread "Thread-8"                   daemon [_thread_in_native, id=25648, stack(0x0000000d30e00000,0x0000000d30f00000) (1024K)]
  0x0000015892c07760 JavaThread "Thread-9"                   daemon [_thread_in_native, id=23840, stack(0x0000000d30f00000,0x0000000d31000000) (1024K)]
  0x0000015892c070d0 JavaThread "Thread-10"                  daemon [_thread_in_native, id=33092, stack(0x0000000d31000000,0x0000000d31100000) (1024K)]
  0x0000015892c091a0 JavaThread "Thread-11"                  daemon [_thread_in_native, id=30880, stack(0x0000000d31100000,0x0000000d31200000) (1024K)]
  0x0000015892c05d20 JavaThread "Thread-12"                  daemon [_thread_in_native, id=12536, stack(0x0000000d31200000,0x0000000d31300000) (1024K)]
  0x0000015892c0b270 JavaThread "Thread-13"                  daemon [_thread_in_native, id=8160, stack(0x0000000d31300000,0x0000000d31400000) (1024K)]
  0x0000015892c09ec0 JavaThread "pool-2-thread-1"                   [_thread_blocked, id=11352, stack(0x0000000d31400000,0x0000000d31500000) (1024K)]
  0x0000015892c0bf90 JavaThread "WorkspaceEventsHandler"            [_thread_blocked, id=31308, stack(0x0000000d31500000,0x0000000d31600000) (1024K)]
  0x0000015892c0a550 JavaThread "pool-1-thread-1"                   [_thread_blocked, id=33812, stack(0x0000000d31600000,0x0000000d31700000) (1024K)]
  0x0000015892c0c620 JavaThread "PatternSearchJob-worker-1"  daemon [_thread_blocked, id=27116, stack(0x0000000d31700000,0x0000000d31800000) (1024K)]
  0x0000015892c0abe0 JavaThread "PatternSearchJob-worker-2"  daemon [_thread_blocked, id=7572, stack(0x0000000d31800000,0x0000000d31900000) (1024K)]
  0x0000015892c0b900 JavaThread "PatternSearchJob-worker-3"  daemon [_thread_blocked, id=29056, stack(0x0000000d31900000,0x0000000d31a00000) (1024K)]
  0x0000015892c09830 JavaThread "PatternSearchJob-worker-4"  daemon [_thread_blocked, id=21168, stack(0x0000000d31a00000,0x0000000d31b00000) (1024K)]
  0x00000158919d8ee0 JavaThread "PatternSearchJob-worker-5"  daemon [_thread_blocked, id=31112, stack(0x0000000d31b00000,0x0000000d31c00000) (1024K)]
  0x00000158919d9570 JavaThread "PatternSearchJob-worker-6"  daemon [_thread_blocked, id=6772, stack(0x0000000d31c00000,0x0000000d31d00000) (1024K)]
  0x00000158919dd080 JavaThread "PatternSearchJob-worker-7"  daemon [_thread_blocked, id=11148, stack(0x0000000d31d00000,0x0000000d31e00000) (1024K)]
  0x00000158919dafb0 JavaThread "PatternSearchJob-worker-8"  daemon [_thread_blocked, id=33400, stack(0x0000000d31e00000,0x0000000d31f00000) (1024K)]
  0x00000158919d9c00 JavaThread "PatternSearchJob-worker-9"  daemon [_thread_blocked, id=32480, stack(0x0000000d31f00000,0x0000000d32000000) (1024K)]
  0x00000158919da290 JavaThread "PatternSearchJob-worker-10" daemon [_thread_blocked, id=34432, stack(0x0000000d32000000,0x0000000d32100000) (1024K)]
  0x00000158919db640 JavaThread "PatternSearchJob-worker-11" daemon [_thread_blocked, id=26328, stack(0x0000000d32100000,0x0000000d32200000) (1024K)]
  0x00000158919dc360 JavaThread "LocalFile Deleter"          daemon [_thread_blocked, id=19088, stack(0x0000000d32200000,0x0000000d32300000) (1024K)]
  0x00000158919dc9f0 JavaThread "LocalFile Deleter"          daemon [_thread_blocked, id=30012, stack(0x0000000d32300000,0x0000000d32400000) (1024K)]
  0x00000158919dd710 JavaThread "LocalFile Deleter"          daemon [_thread_blocked, id=31760, stack(0x0000000d32400000,0x0000000d32500000) (1024K)]
  0x00000158919ddda0 JavaThread "LocalFile Deleter"          daemon [_thread_blocked, id=32600, stack(0x0000000d32500000,0x0000000d32600000) (1024K)]
  0x00000158919da920 JavaThread "LocalFile Deleter"          daemon [_thread_blocked, id=27324, stack(0x0000000d32600000,0x0000000d32700000) (1024K)]
  0x00000158919de430 JavaThread "LocalFile Deleter"          daemon [_thread_blocked, id=17628, stack(0x0000000d32700000,0x0000000d32800000) (1024K)]
  0x00000158919e0500 JavaThread "LocalFile Deleter"          daemon [_thread_blocked, id=32040, stack(0x0000000d32800000,0x0000000d32900000) (1024K)]
  0x00000158919deac0 JavaThread "LocalFile Deleter"          daemon [_thread_blocked, id=28816, stack(0x0000000d32900000,0x0000000d32a00000) (1024K)]
  0x00000158919df150 JavaThread "LocalFile Deleter"          daemon [_thread_blocked, id=21312, stack(0x0000000d32a00000,0x0000000d32b00000) (1024K)]
  0x00000158919df7e0 JavaThread "LocalFile Deleter"          daemon [_thread_blocked, id=27684, stack(0x0000000d32b00000,0x0000000d32c00000) (1024K)]
  0x00000158919dfe70 JavaThread "LocalFile Deleter"          daemon [_thread_blocked, id=22192, stack(0x0000000d32c00000,0x0000000d32d00000) (1024K)]
  0x00000158925b01f0 JavaThread "LocalFile Deleter"          daemon [_thread_blocked, id=30808, stack(0x0000000d32d00000,0x0000000d32e00000) (1024K)]
  0x00000158925afb60 JavaThread "Compiler Source File Reader" daemon [_thread_blocked, id=32700, stack(0x0000000d32e00000,0x0000000d32f00000) (1024K)]
  0x00000158925b0880 JavaThread "Compiler Source File Reader" daemon [_thread_blocked, id=28192, stack(0x0000000d32f00000,0x0000000d33000000) (1024K)]
  0x00000158925ae7b0 JavaThread "Compiler Source File Reader" daemon [_thread_blocked, id=25904, stack(0x0000000d33000000,0x0000000d33100000) (1024K)]
  0x00000158925b0f10 JavaThread "Compiler Source File Reader" daemon [_thread_blocked, id=1668, stack(0x0000000d33100000,0x0000000d33200000) (1024K)]
  0x00000158925b22c0 JavaThread "Compiler Source File Reader" daemon [_thread_blocked, id=28668, stack(0x0000000d33200000,0x0000000d33300000) (1024K)]
  0x00000158925b15a0 JavaThread "Compiler Source File Reader" daemon [_thread_blocked, id=34300, stack(0x0000000d33300000,0x0000000d33400000) (1024K)]
  0x00000158925b1c30 JavaThread "Compiler Source File Reader" daemon [_thread_blocked, id=23408, stack(0x0000000d33400000,0x0000000d33500000) (1024K)]
  0x00000158925aee40 JavaThread "Compiler Source File Reader" daemon [_thread_blocked, id=26124, stack(0x0000000d33500000,0x0000000d33600000) (1024K)]
  0x00000158925b2950 JavaThread "Compiler Source File Reader" daemon [_thread_blocked, id=18660, stack(0x0000000d33600000,0x0000000d33700000) (1024K)]
  0x00000158925af4d0 JavaThread "Compiler Source File Reader" daemon [_thread_blocked, id=29420, stack(0x0000000d33700000,0x0000000d33800000) (1024K)]
  0x00000158925b3d00 JavaThread "Compiler Processing Task"   daemon [_thread_blocked, id=26964, stack(0x0000000d33800000,0x0000000d33900000) (1024K)]
  0x00000158925b2fe0 JavaThread "Compiler Class File Writer" daemon [_thread_blocked, id=26912, stack(0x0000000d33900000,0x0000000d33a00000) (1024K)]
  0x00000158925b4a20 JavaThread "Compiler Class File Writer" daemon [_thread_blocked, id=32180, stack(0x0000000d33a00000,0x0000000d33b00000) (1024K)]
  0x00000158925b3670 JavaThread "Compiler Class File Writer" daemon [_thread_blocked, id=23576, stack(0x0000000d33b00000,0x0000000d33c00000) (1024K)]
  0x00000158925b4390 JavaThread "Compiler Class File Writer" daemon [_thread_blocked, id=30256, stack(0x0000000d33c00000,0x0000000d33d00000) (1024K)]
  0x00000158925b50b0 JavaThread "Compiler Class File Writer" daemon [_thread_blocked, id=6900, stack(0x0000000d33d00000,0x0000000d33e00000) (1024K)]
  0x00000158925b5740 JavaThread "Compiler Class File Writer" daemon [_thread_blocked, id=24388, stack(0x0000000d33e00000,0x0000000d33f00000) (1024K)]
  0x00000158925b5dd0 JavaThread "Compiler Class File Writer" daemon [_thread_blocked, id=6140, stack(0x0000000d33f00000,0x0000000d34000000) (1024K)]
  0x0000015893dfeeb0 JavaThread "Compiler Class File Writer" daemon [_thread_blocked, id=18516, stack(0x0000000d34000000,0x0000000d34100000) (1024K)]
  0x0000015893dffbd0 JavaThread "Compiler Class File Writer" daemon [_thread_blocked, id=21368, stack(0x0000000d34100000,0x0000000d34200000) (1024K)]
  0x0000015893dfcde0 JavaThread "Compiler Class File Writer" daemon [_thread_blocked, id=4624, stack(0x0000000d34200000,0x0000000d34300000) (1024K)]
=>0x00000158911c51d0 JavaThread "C2 CompilerThread1"         daemon [_thread_in_native, id=30732, stack(0x0000000d34300000,0x0000000d34400000) (1024K)]
  0x0000015893e008f0 JavaThread "ForkJoinPool.commonPool-worker-1" daemon [_thread_blocked, id=24920, stack(0x0000000d34400000,0x0000000d34500000) (1024K)]
  0x0000015893dfd470 JavaThread "ForkJoinPool.commonPool-worker-2" daemon [_thread_blocked, id=1680, stack(0x0000000d34500000,0x0000000d34600000) (1024K)]
  0x0000015893e00f80 JavaThread "ForkJoinPool.commonPool-worker-3" daemon [_thread_in_vm, id=30544, stack(0x0000000d34600000,0x0000000d34700000) (1024K)]
  0x0000015893dfdb00 JavaThread "ForkJoinPool.commonPool-worker-4" daemon [_thread_blocked, id=20228, stack(0x0000000d34700000,0x0000000d34800000) (1024K)]
  0x0000015893e01610 JavaThread "ForkJoinPool.commonPool-worker-5" daemon [_thread_blocked, id=1440, stack(0x0000000d34800000,0x0000000d34900000) (1024K)]
  0x0000015893e04400 JavaThread "ForkJoinPool.commonPool-worker-6" daemon [_thread_blocked, id=13224, stack(0x0000000d34900000,0x0000000d34a00000) (1024K)]
  0x0000015893e03d70 JavaThread "ForkJoinPool.commonPool-worker-7" daemon [_thread_blocked, id=31216, stack(0x0000000d34a00000,0x0000000d34b00000) (1024K)]
  0x0000015893e01ca0 JavaThread "ForkJoinPool.commonPool-worker-8" daemon [_thread_blocked, id=24680, stack(0x0000000d34b00000,0x0000000d34c00000) (1024K)]
  0x0000015893e02330 JavaThread "ForkJoinPool.commonPool-worker-9" daemon [_thread_blocked, id=10540, stack(0x0000000d34c00000,0x0000000d34d00000) (1024K)]
  0x0000015893e029c0 JavaThread "ForkJoinPool.commonPool-worker-10" daemon [_thread_blocked, id=22564, stack(0x0000000d34d00000,0x0000000d34e00000) (1024K)]
  0x0000015893e03050 JavaThread "ForkJoinPool.commonPool-worker-11" daemon [_thread_blocked, id=24648, stack(0x0000000d34e00000,0x0000000d34f00000) (1024K)]
Total: 96

Other Threads:
  0x00000158324a3b50 VMThread "VM Thread"                           [id=11908, stack(0x0000000d2e400000,0x0000000d2e500000) (1024K)]
  0x000001583257b220 WatcherThread "VM Periodic Task Thread"        [id=12692, stack(0x0000000d2e300000,0x0000000d2e400000) (1024K)]
  0x000001583252b8b0 WorkerThread "GC Thread#0"                     [id=12628, stack(0x0000000d2e200000,0x0000000d2e300000) (1024K)]
  0x00000158905c57e0 WorkerThread "GC Thread#1"                     [id=21940, stack(0x0000000d2f000000,0x0000000d2f100000) (1024K)]
  0x00000158905c41c0 WorkerThread "GC Thread#2"                     [id=31328, stack(0x0000000d2f100000,0x0000000d2f200000) (1024K)]
  0x00000158905c4920 WorkerThread "GC Thread#3"                     [id=30928, stack(0x0000000d2f200000,0x0000000d2f300000) (1024K)]
  0x00000158905c5b90 WorkerThread "GC Thread#4"                     [id=30240, stack(0x0000000d2f300000,0x0000000d2f400000) (1024K)]
  0x00000158905c5080 WorkerThread "GC Thread#5"                     [id=27612, stack(0x0000000d2f400000,0x0000000d2f500000) (1024K)]
  0x00000158905c4570 WorkerThread "GC Thread#6"                     [id=29196, stack(0x0000000d2f500000,0x0000000d2f600000) (1024K)]
  0x0000015890bfb700 WorkerThread "GC Thread#7"                     [id=10704, stack(0x0000000d2f700000,0x0000000d2f800000) (1024K)]
  0x0000015890bfbab0 WorkerThread "GC Thread#8"                     [id=22140, stack(0x0000000d2fb00000,0x0000000d2fc00000) (1024K)]
  0x0000015890bfb350 WorkerThread "GC Thread#9"                     [id=28772, stack(0x0000000d2fc00000,0x0000000d2fd00000) (1024K)]
Total: 12

Threads with active compile tasks:
C2 CompilerThread0  18859 14392       4       org.lombokweb.asm.ClassReader::readMethod (1070 bytes)
C2 CompilerThread1  18859 14324       4       org.eclipse.jdt.internal.compiler.lookup.BinaryTypeBinding::createMethod (1666 bytes)
Total: 2

VM state: not at safepoint (normal execution)

VM Mutex/Monitor currently owned by a thread: None

Heap address: 0x0000000080000000, size: 2048 MB, Compressed Oops mode: 32-bit

CDS archive(s) mapped at: [0x0000015849000000-0x0000015849ba0000-0x0000015849ba0000), size 12189696, SharedBaseAddress: 0x0000015849000000, ArchiveRelocationMode: 1.
Compressed class space mapped at: 0x000001584a000000-0x000001588a000000, reserved size: 1073741824
Narrow klass base: 0x0000015849000000, Narrow klass shift: 0, Narrow klass range: 0x100000000

GC Precious Log:
 CardTable entry size: 512
 CPUs: 12 total, 12 available
 Memory: 7971M
 Large Page Support: Disabled
 NUMA Support: Disabled
 Compressed Oops: Enabled (32-bit)
 Alignments: Space 512K, Generation 512K, Heap 2M
 Heap Min Capacity: 100M
 Heap Initial Capacity: 100M
 Heap Max Capacity: 2G
 Pre-touch: Disabled
 Parallel Workers: 10

Heap:
 PSYoungGen      total 9216K, used 7831K [0x00000000d5580000, 0x00000000d6100000, 0x0000000100000000)
  eden space 8192K, 83% used [0x00000000d5580000,0x00000000d5c2a4d0,0x00000000d5d80000)
  from space 1024K, 98% used [0x00000000d5f00000,0x00000000d5ffb7d8,0x00000000d6000000)
  to   space 1536K, 0% used [0x00000000d5d80000,0x00000000d5d80000,0x00000000d5f00000)
 ParOldGen       total 129024K, used 128702K [0x0000000080000000, 0x0000000087e00000, 0x00000000d5580000)
  object space 129024K, 99% used [0x0000000080000000,0x0000000087dafa58,0x0000000087e00000)
 Metaspace       used 71135K, committed 72704K, reserved 1114112K
  class space    used 7392K, committed 8064K, reserved 1048576K

Card table byte_map: [0x0000015831eb0000,0x00000158322c0000] _byte_map_base: 0x0000015831ab0000

Marking Bits: (ParMarkBitMap*) 0x00007ffd5c3f4460
 Begin Bits: [0x00000158449c0000, 0x00000158469c0000)
 End Bits:   [0x00000158469c0000, 0x00000158489c0000)

Polling page: 0x0000015830350000

Metaspace:

Usage:
  Non-class:     62.25 MB used.
      Class:      7.22 MB used.
       Both:     69.47 MB used.

Virtual space:
  Non-class space:       64.00 MB reserved,      63.12 MB ( 99%) committed,  1 nodes.
      Class space:        1.00 GB reserved,       7.88 MB ( <1%) committed,  1 nodes.
             Both:        1.06 GB reserved,      71.00 MB (  7%) committed. 

Chunk freelists:
   Non-Class:  682.00 KB
       Class:  8.00 MB
        Both:  8.67 MB

MaxMetaspaceSize: unlimited
CompressedClassSpaceSize: 1.00 GB
Initial GC threshold: 21.00 MB
Current GC threshold: 97.31 MB
CDS: on
 - commit_granule_bytes: 65536.
 - commit_granule_words: 8192.
 - virtual_space_node_default_size: 8388608.
 - enlarge_chunks_in_place: 1.
 - use_allocation_guard: 0.


Internal statistics:

num_allocs_failed_limit: 9.
num_arena_births: 1434.
num_arena_deaths: 14.
num_vsnodes_births: 2.
num_vsnodes_deaths: 0.
num_space_committed: 1136.
num_space_uncommitted: 0.
num_chunks_returned_to_freelist: 23.
num_chunks_taken_from_freelist: 4936.
num_chunk_merges: 12.
num_chunk_splits: 2979.
num_chunks_enlarged: 1630.
num_inconsistent_stats: 0.

CodeHeap 'non-profiled nmethods': size=120000Kb used=6853Kb max_used=6853Kb free=113146Kb
 bounds [0x000001583d1e0000, 0x000001583d8a0000, 0x0000015844710000]
CodeHeap 'profiled nmethods': size=120000Kb used=31480Kb max_used=31480Kb free=88519Kb
 bounds [0x0000015835710000, 0x00000158375d0000, 0x000001583cc40000]
CodeHeap 'non-nmethods': size=5760Kb used=1458Kb max_used=1505Kb free=4301Kb
 bounds [0x000001583cc40000, 0x000001583ceb0000, 0x000001583d1e0000]
CodeCache: size=245760Kb, used=39791Kb, max_used=39838Kb, free=205966Kb
 total_blobs=14810, nmethods=14049, adapters=665, full_count=0
Compilation: enabled, stopped_count=0, restarted_count=0

Compilation events (20 events):
Event: 16.827 Thread 0x0000015890046880 14712       2       lombok.eclipse.handlers.SetGeneratedByVisitor::fixPositions (67 bytes)
Event: 16.828 Thread 0x0000015890046880 nmethod 14712 0x000001583759ae10 code [0x000001583759afc0, 0x000001583759b1e8]
Event: 16.828 Thread 0x0000015890046880 14713       3       org.eclipse.jdt.internal.compiler.ast.SingleNameReference::traverse (14 bytes)
Event: 16.828 Thread 0x0000015890046880 nmethod 14713 0x000001583759b310 code [0x000001583759b4c0, 0x000001583759b790]
Event: 16.828 Thread 0x0000015890046880 14710       2       org.eclipse.jdt.internal.compiler.ast.BinaryExpression::traverse (34 bytes)
Event: 16.828 Thread 0x0000015890046880 nmethod 14710 0x000001583759b890 code [0x000001583759ba60, 0x000001583759bc40]
Event: 16.828 Thread 0x0000015890046880 14711       2       org.eclipse.jdt.internal.compiler.ASTVisitor::endVisit (1 bytes)
Event: 16.828 Thread 0x0000015890046880 nmethod 14711 0x000001583759bd10 code [0x000001583759bea0, 0x000001583759bfa8]
Event: 16.829 Thread 0x0000015890046880 14714       2       lombok.core.handlers.InclusionExclusionUtils$Included::<init> (26 bytes)
Event: 16.829 Thread 0x0000015890046880 nmethod 14714 0x000001583759c010 code [0x000001583759c1a0, 0x000001583759c2e0]
Event: 16.831 Thread 0x0000015890046880 14715       2       sun.nio.ch.AsynchronousFileChannelImpl::write (9 bytes)
Event: 16.831 Thread 0x0000015890046880 nmethod 14715 0x000001583759c390 code [0x000001583759c540, 0x000001583759c688]
Event: 16.832 Thread 0x0000015890046880 14716       2       sun.nio.ch.WindowsAsynchronousFileChannelImpl::implWrite (202 bytes)
Event: 16.832 Thread 0x0000015890046880 nmethod 14716 0x000001583759c710 code [0x000001583759c980, 0x000001583759d108]
Event: 16.832 Thread 0x0000015890046880 14717       2       sun.nio.ch.WindowsAsynchronousFileChannelImpl$WriteTask::completed (42 bytes)
Event: 16.833 Thread 0x0000015890046880 nmethod 14717 0x000001583759d490 code [0x000001583759d680, 0x000001583759d9a8]
Event: 16.834 Thread 0x0000015890046880 14718       2       lombok.eclipse.agent.PatchDelegate::hasDelegateMarkedFieldsOrMethods (181 bytes)
Event: 16.835 Thread 0x0000015890046880 nmethod 14718 0x000001583759db90 code [0x000001583759dde0, 0x000001583759e510]
Event: 16.835 Thread 0x0000015890046880 14719       3       org.eclipse.jdt.internal.core.nd.java.model.BinaryTypeDescriptor::isInJarFile (17 bytes)
Event: 16.835 Thread 0x0000015890046880 nmethod 14719 0x000001583759ea90 code [0x000001583759ec40, 0x000001583759ef00]

GC Heap History (20 events):
Event: 15.420 GC heap before
{Heap before GC invocations=169 (full 3):
 PSYoungGen      total 10752K, used 10595K [0x00000000d5580000, 0x00000000d6300000, 0x0000000100000000)
  eden space 8704K, 100% used [0x00000000d5580000,0x00000000d5e00000,0x00000000d5e00000)
  from space 2048K, 92% used [0x00000000d5e80000,0x00000000d6058eb0,0x00000000d6080000)
  to   space 2560K, 0% used [0x00000000d6080000,0x00000000d6080000,0x00000000d6300000)
 ParOldGen       total 120320K, used 120285K [0x0000000080000000, 0x0000000087580000, 0x00000000d5580000)
  object space 120320K, 99% used [0x0000000080000000,0x0000000087577458,0x0000000087580000)
 Metaspace       used 69256K, committed 70912K, reserved 1114112K
  class space    used 7232K, committed 7936K, reserved 1048576K
}
Event: 15.422 GC heap after
{Heap after GC invocations=169 (full 3):
 PSYoungGen      total 11264K, used 2022K [0x00000000d5580000, 0x00000000d6300000, 0x0000000100000000)
  eden space 8704K, 0% used [0x00000000d5580000,0x00000000d5580000,0x00000000d5e00000)
  from space 2560K, 79% used [0x00000000d6080000,0x00000000d6279af8,0x00000000d6300000)
  to   space 2560K, 0% used [0x00000000d5e00000,0x00000000d5e00000,0x00000000d6080000)
 ParOldGen       total 121344K, used 121179K [0x0000000080000000, 0x0000000087680000, 0x00000000d5580000)
  object space 121344K, 99% used [0x0000000080000000,0x0000000087656df8,0x0000000087680000)
 Metaspace       used 69256K, committed 70912K, reserved 1114112K
  class space    used 7232K, committed 7936K, reserved 1048576K
}
Event: 15.441 GC heap before
{Heap before GC invocations=170 (full 3):
 PSYoungGen      total 11264K, used 10726K [0x00000000d5580000, 0x00000000d6300000, 0x0000000100000000)
  eden space 8704K, 100% used [0x00000000d5580000,0x00000000d5e00000,0x00000000d5e00000)
  from space 2560K, 79% used [0x00000000d6080000,0x00000000d6279af8,0x00000000d6300000)
  to   space 2560K, 0% used [0x00000000d5e00000,0x00000000d5e00000,0x00000000d6080000)
 ParOldGen       total 121344K, used 121179K [0x0000000080000000, 0x0000000087680000, 0x00000000d5580000)
  object space 121344K, 99% used [0x0000000080000000,0x0000000087656df8,0x0000000087680000)
 Metaspace       used 69265K, committed 70912K, reserved 1114112K
  class space    used 7232K, committed 7936K, reserved 1048576K
}
Event: 15.443 GC heap after
{Heap after GC invocations=170 (full 3):
 PSYoungGen      total 10752K, used 1780K [0x00000000d5580000, 0x00000000d6200000, 0x0000000100000000)
  eden space 8704K, 0% used [0x00000000d5580000,0x00000000d5580000,0x00000000d5e00000)
  from space 2048K, 86% used [0x00000000d5e00000,0x00000000d5fbd298,0x00000000d6000000)
  to   space 2048K, 0% used [0x00000000d6000000,0x00000000d6000000,0x00000000d6200000)
 ParOldGen       total 122368K, used 121947K [0x0000000080000000, 0x0000000087780000, 0x00000000d5580000)
  object space 122368K, 99% used [0x0000000080000000,0x0000000087716e88,0x0000000087780000)
 Metaspace       used 69265K, committed 70912K, reserved 1114112K
  class space    used 7232K, committed 7936K, reserved 1048576K
}
Event: 15.454 GC heap before
{Heap before GC invocations=171 (full 3):
 PSYoungGen      total 10752K, used 10479K [0x00000000d5580000, 0x00000000d6200000, 0x0000000100000000)
  eden space 8704K, 99% used [0x00000000d5580000,0x00000000d5dfec08,0x00000000d5e00000)
  from space 2048K, 86% used [0x00000000d5e00000,0x00000000d5fbd298,0x00000000d6000000)
  to   space 2048K, 0% used [0x00000000d6000000,0x00000000d6000000,0x00000000d6200000)
 ParOldGen       total 122368K, used 121947K [0x0000000080000000, 0x0000000087780000, 0x00000000d5580000)
  object space 122368K, 99% used [0x0000000080000000,0x0000000087716e88,0x0000000087780000)
 Metaspace       used 69267K, committed 70912K, reserved 1114112K
  class space    used 7232K, committed 7936K, reserved 1048576K
}
Event: 15.456 GC heap after
{Heap after GC invocations=171 (full 3):
 PSYoungGen      total 10240K, used 1093K [0x00000000d5580000, 0x00000000d6180000, 0x0000000100000000)
  eden space 8704K, 0% used [0x00000000d5580000,0x00000000d5580000,0x00000000d5e00000)
  from space 1536K, 71% used [0x00000000d6000000,0x00000000d61117f0,0x00000000d6180000)
  to   space 1536K, 0% used [0x00000000d5e80000,0x00000000d5e80000,0x00000000d6000000)
 ParOldGen       total 122880K, used 122814K [0x0000000080000000, 0x0000000087800000, 0x00000000d5580000)
  object space 122880K, 99% used [0x0000000080000000,0x00000000877efb50,0x0000000087800000)
 Metaspace       used 69267K, committed 70912K, reserved 1114112K
  class space    used 7232K, committed 7936K, reserved 1048576K
}
Event: 15.477 GC heap before
{Heap before GC invocations=172 (full 3):
 PSYoungGen      total 10240K, used 9797K [0x00000000d5580000, 0x00000000d6180000, 0x0000000100000000)
  eden space 8704K, 100% used [0x00000000d5580000,0x00000000d5e00000,0x00000000d5e00000)
  from space 1536K, 71% used [0x00000000d6000000,0x00000000d61117f0,0x00000000d6180000)
  to   space 1536K, 0% used [0x00000000d5e80000,0x00000000d5e80000,0x00000000d6000000)
 ParOldGen       total 122880K, used 122814K [0x0000000080000000, 0x0000000087800000, 0x00000000d5580000)
  object space 122880K, 99% used [0x0000000080000000,0x00000000877efb50,0x0000000087800000)
 Metaspace       used 69437K, committed 71040K, reserved 1114112K
  class space    used 7234K, committed 7936K, reserved 1048576K
}
Event: 15.479 GC heap after
{Heap after GC invocations=172 (full 3):
 PSYoungGen      total 9728K, used 576K [0x00000000d5580000, 0x00000000d6080000, 0x0000000100000000)
  eden space 8704K, 0% used [0x00000000d5580000,0x00000000d5580000,0x00000000d5e00000)
  from space 1024K, 56% used [0x00000000d5e80000,0x00000000d5f10000,0x00000000d5f80000)
  to   space 1024K, 0% used [0x00000000d5f80000,0x00000000d5f80000,0x00000000d6080000)
 ParOldGen       total 123392K, used 123345K [0x0000000080000000, 0x0000000087880000, 0x00000000d5580000)
  object space 123392K, 99% used [0x0000000080000000,0x00000000878744f0,0x0000000087880000)
 Metaspace       used 69437K, committed 71040K, reserved 1114112K
  class space    used 7234K, committed 7936K, reserved 1048576K
}
Event: 15.510 GC heap before
{Heap before GC invocations=173 (full 3):
 PSYoungGen      total 9728K, used 9277K [0x00000000d5580000, 0x00000000d6080000, 0x0000000100000000)
  eden space 8704K, 99% used [0x00000000d5580000,0x00000000d5dff400,0x00000000d5e00000)
  from space 1024K, 56% used [0x00000000d5e80000,0x00000000d5f10000,0x00000000d5f80000)
  to   space 1024K, 0% used [0x00000000d5f80000,0x00000000d5f80000,0x00000000d6080000)
 ParOldGen       total 123392K, used 123345K [0x0000000080000000, 0x0000000087880000, 0x00000000d5580000)
  object space 123392K, 99% used [0x0000000080000000,0x00000000878744f0,0x0000000087880000)
 Metaspace       used 69806K, committed 71488K, reserved 1114112K
  class space    used 7272K, committed 8000K, reserved 1048576K
}
Event: 15.511 GC heap after
{Heap after GC invocations=173 (full 3):
 PSYoungGen      total 9216K, used 1008K [0x00000000d5580000, 0x00000000d6200000, 0x0000000100000000)
  eden space 8192K, 0% used [0x00000000d5580000,0x00000000d5580000,0x00000000d5d80000)
  from space 1024K, 98% used [0x00000000d5f80000,0x00000000d607c320,0x00000000d6080000)
  to   space 2048K, 0% used [0x00000000d5d80000,0x00000000d5d80000,0x00000000d5f80000)
 ParOldGen       total 124416K, used 123920K [0x0000000080000000, 0x0000000087980000, 0x00000000d5580000)
  object space 124416K, 99% used [0x0000000080000000,0x0000000087904038,0x0000000087980000)
 Metaspace       used 69806K, committed 71488K, reserved 1114112K
  class space    used 7272K, committed 8000K, reserved 1048576K
}
Event: 15.541 GC heap before
{Heap before GC invocations=174 (full 3):
 PSYoungGen      total 9216K, used 9200K [0x00000000d5580000, 0x00000000d6200000, 0x0000000100000000)
  eden space 8192K, 100% used [0x00000000d5580000,0x00000000d5d80000,0x00000000d5d80000)
  from space 1024K, 98% used [0x00000000d5f80000,0x00000000d607c320,0x00000000d6080000)
  to   space 2048K, 0% used [0x00000000d5d80000,0x00000000d5d80000,0x00000000d5f80000)
 ParOldGen       total 124416K, used 123920K [0x0000000080000000, 0x0000000087980000, 0x00000000d5580000)
  object space 124416K, 99% used [0x0000000080000000,0x0000000087904038,0x0000000087980000)
 Metaspace       used 70185K, committed 71808K, reserved 1114112K
  class space    used 7299K, committed 8000K, reserved 1048576K
}
Event: 15.543 GC heap after
{Heap after GC invocations=174 (full 3):
 PSYoungGen      total 9728K, used 1362K [0x00000000d5580000, 0x00000000d6080000, 0x0000000100000000)
  eden space 8192K, 0% used [0x00000000d5580000,0x00000000d5580000,0x00000000d5d80000)
  from space 1536K, 88% used [0x00000000d5d80000,0x00000000d5ed4a20,0x00000000d5f00000)
  to   space 1536K, 0% used [0x00000000d5f00000,0x00000000d5f00000,0x00000000d6080000)
 ParOldGen       total 124928K, used 124901K [0x0000000080000000, 0x0000000087a00000, 0x00000000d5580000)
  object space 124928K, 99% used [0x0000000080000000,0x00000000879f9600,0x0000000087a00000)
 Metaspace       used 70185K, committed 71808K, reserved 1114112K
  class space    used 7299K, committed 8000K, reserved 1048576K
}
Event: 15.591 GC heap before
{Heap before GC invocations=175 (full 3):
 PSYoungGen      total 9728K, used 9554K [0x00000000d5580000, 0x00000000d6080000, 0x0000000100000000)
  eden space 8192K, 100% used [0x00000000d5580000,0x00000000d5d80000,0x00000000d5d80000)
  from space 1536K, 88% used [0x00000000d5d80000,0x00000000d5ed4a20,0x00000000d5f00000)
  to   space 1536K, 0% used [0x00000000d5f00000,0x00000000d5f00000,0x00000000d6080000)
 ParOldGen       total 124928K, used 124901K [0x0000000080000000, 0x0000000087a00000, 0x00000000d5580000)
  object space 124928K, 99% used [0x0000000080000000,0x00000000879f9600,0x0000000087a00000)
 Metaspace       used 70490K, committed 72064K, reserved 1114112K
  class space    used 7322K, committed 8000K, reserved 1048576K
}
Event: 15.593 GC heap after
{Heap after GC invocations=175 (full 3):
 PSYoungGen      total 9728K, used 1136K [0x00000000d5580000, 0x00000000d6080000, 0x0000000100000000)
  eden space 8192K, 0% used [0x00000000d5580000,0x00000000d5580000,0x00000000d5d80000)
  from space 1536K, 73% used [0x00000000d5f00000,0x00000000d601c010,0x00000000d6080000)
  to   space 1536K, 0% used [0x00000000d5d80000,0x00000000d5d80000,0x00000000d5f00000)
 ParOldGen       total 126464K, used 125986K [0x0000000080000000, 0x0000000087b80000, 0x00000000d5580000)
  object space 126464K, 99% used [0x0000000080000000,0x0000000087b08b70,0x0000000087b80000)
 Metaspace       used 70490K, committed 72064K, reserved 1114112K
  class space    used 7322K, committed 8000K, reserved 1048576K
}
Event: 15.649 GC heap before
{Heap before GC invocations=176 (full 3):
 PSYoungGen      total 9728K, used 9328K [0x00000000d5580000, 0x00000000d6080000, 0x0000000100000000)
  eden space 8192K, 99% used [0x00000000d5580000,0x00000000d5d7fff0,0x00000000d5d80000)
  from space 1536K, 73% used [0x00000000d5f00000,0x00000000d601c010,0x00000000d6080000)
  to   space 1536K, 0% used [0x00000000d5d80000,0x00000000d5d80000,0x00000000d5f00000)
 ParOldGen       total 126464K, used 125986K [0x0000000080000000, 0x0000000087b80000, 0x00000000d5580000)
  object space 126464K, 99% used [0x0000000080000000,0x0000000087b08b70,0x0000000087b80000)
 Metaspace       used 70881K, committed 72512K, reserved 1114112K
  class space    used 7361K, committed 8064K, reserved 1048576K
}
Event: 15.652 GC heap after
{Heap after GC invocations=176 (full 3):
 PSYoungGen      total 9216K, used 688K [0x00000000d5580000, 0x00000000d5f80000, 0x0000000100000000)
  eden space 8192K, 0% used [0x00000000d5580000,0x00000000d5580000,0x00000000d5d80000)
  from space 1024K, 67% used [0x00000000d5d80000,0x00000000d5e2c030,0x00000000d5e80000)
  to   space 1024K, 0% used [0x00000000d5e80000,0x00000000d5e80000,0x00000000d5f80000)
 ParOldGen       total 126976K, used 126917K [0x0000000080000000, 0x0000000087c00000, 0x00000000d5580000)
  object space 126976K, 99% used [0x0000000080000000,0x0000000087bf14c8,0x0000000087c00000)
 Metaspace       used 70881K, committed 72512K, reserved 1114112K
  class space    used 7361K, committed 8064K, reserved 1048576K
}
Event: 15.792 GC heap before
{Heap before GC invocations=177 (full 3):
 PSYoungGen      total 9216K, used 8879K [0x00000000d5580000, 0x00000000d5f80000, 0x0000000100000000)
  eden space 8192K, 99% used [0x00000000d5580000,0x00000000d5d7ff08,0x00000000d5d80000)
  from space 1024K, 67% used [0x00000000d5d80000,0x00000000d5e2c030,0x00000000d5e80000)
  to   space 1024K, 0% used [0x00000000d5e80000,0x00000000d5e80000,0x00000000d5f80000)
 ParOldGen       total 126976K, used 126917K [0x0000000080000000, 0x0000000087c00000, 0x00000000d5580000)
  object space 126976K, 99% used [0x0000000080000000,0x0000000087bf14c8,0x0000000087c00000)
 Metaspace       used 70998K, committed 72576K, reserved 1114112K
  class space    used 7373K, committed 8064K, reserved 1048576K
}
Event: 15.795 GC heap after
{Heap after GC invocations=177 (full 3):
 PSYoungGen      total 8192K, used 992K [0x00000000d5580000, 0x00000000d6180000, 0x0000000100000000)
  eden space 7168K, 0% used [0x00000000d5580000,0x00000000d5580000,0x00000000d5c80000)
  from space 1024K, 96% used [0x00000000d5e80000,0x00000000d5f78030,0x00000000d5f80000)
  to   space 2048K, 0% used [0x00000000d5c80000,0x00000000d5c80000,0x00000000d5e80000)
 ParOldGen       total 127488K, used 127401K [0x0000000080000000, 0x0000000087c80000, 0x00000000d5580000)
  object space 127488K, 99% used [0x0000000080000000,0x0000000087c6a780,0x0000000087c80000)
 Metaspace       used 70998K, committed 72576K, reserved 1114112K
  class space    used 7373K, committed 8064K, reserved 1048576K
}
Event: 15.866 GC heap before
{Heap before GC invocations=178 (full 3):
 PSYoungGen      total 8192K, used 8160K [0x00000000d5580000, 0x00000000d6180000, 0x0000000100000000)
  eden space 7168K, 100% used [0x00000000d5580000,0x00000000d5c80000,0x00000000d5c80000)
  from space 1024K, 96% used [0x00000000d5e80000,0x00000000d5f78030,0x00000000d5f80000)
  to   space 2048K, 0% used [0x00000000d5c80000,0x00000000d5c80000,0x00000000d5e80000)
 ParOldGen       total 127488K, used 127401K [0x0000000080000000, 0x0000000087c80000, 0x00000000d5580000)
  object space 127488K, 99% used [0x0000000080000000,0x0000000087c6a780,0x0000000087c80000)
 Metaspace       used 71001K, committed 72576K, reserved 1114112K
  class space    used 7373K, committed 8064K, reserved 1048576K
}
Event: 16.818 GC heap after
{Heap after GC invocations=178 (full 3):
 PSYoungGen      total 9216K, used 528K [0x00000000d5580000, 0x00000000d6000000, 0x0000000100000000)
  eden space 7168K, 0% used [0x00000000d5580000,0x00000000d5580000,0x00000000d5c80000)
  from space 2048K, 25% used [0x00000000d5c80000,0x00000000d5d04030,0x00000000d5e80000)
  to   space 1024K, 0% used [0x00000000d5f00000,0x00000000d5f00000,0x00000000d6000000)
 ParOldGen       total 128512K, used 128374K [0x0000000080000000, 0x0000000087d80000, 0x00000000d5580000)
  object space 128512K, 99% used [0x0000000080000000,0x0000000087d5da48,0x0000000087d80000)
 Metaspace       used 71001K, committed 72576K, reserved 1114112K
  class space    used 7373K, committed 8064K, reserved 1048576K
}

Dll operation events (10 events):
Event: 0.014 Loaded shared library c:\Users\ACER\.vscode\extensions\redhat.java-1.55.0-win32-x64\jre\21.0.11-win32-x86_64\bin\java.dll
Event: 0.089 Loaded shared library c:\Users\ACER\.vscode\extensions\redhat.java-1.55.0-win32-x64\jre\21.0.11-win32-x86_64\bin\zip.dll
Event: 0.117 Loaded shared library C:\Users\ACER\.vscode\extensions\redhat.java-1.55.0-win32-x64\jre\21.0.11-win32-x86_64\bin\instrument.dll
Event: 0.137 Loaded shared library C:\Users\ACER\.vscode\extensions\redhat.java-1.55.0-win32-x64\jre\21.0.11-win32-x86_64\bin\net.dll
Event: 0.140 Loaded shared library C:\Users\ACER\.vscode\extensions\redhat.java-1.55.0-win32-x64\jre\21.0.11-win32-x86_64\bin\nio.dll
Event: 0.147 Loaded shared library C:\Users\ACER\.vscode\extensions\redhat.java-1.55.0-win32-x64\jre\21.0.11-win32-x86_64\bin\zip.dll
Event: 0.164 Loaded shared library C:\Users\ACER\.vscode\extensions\redhat.java-1.55.0-win32-x64\jre\21.0.11-win32-x86_64\bin\jimage.dll
Event: 0.239 Loaded shared library c:\Users\ACER\.vscode\extensions\redhat.java-1.55.0-win32-x64\jre\21.0.11-win32-x86_64\bin\verify.dll
Event: 0.873 Loaded shared library C:\Users\ACER\AppData\Roaming\Code\User\globalStorage\redhat.java\1.55.0\config_win\org.eclipse.equinox.launcher\org.eclipse.equinox.launcher.win32.win32.x86_64_1.3.100.v20260613-0559\eclipse_11924.dll
Event: 3.795 Loaded shared library C:\Users\ACER\AppData\Local\Temp\jna-2003023\jna13258475428017232424.dll

Deoptimization events (20 events):
Event: 15.670 Thread 0x0000015893e008f0 DEOPT PACKING pc=0x000001583d676664 sp=0x0000000d344fe170
Event: 15.670 Thread 0x0000015893e008f0 DEOPT UNPACKING pc=0x000001583cc96da2 sp=0x0000000d344fe0a0 mode 2
Event: 15.670 Thread 0x0000015893e008f0 Uncommon trap: trap_request=0xffffffc6 fr.pc=0x000001583d676664 relative=0x0000000000000184
Event: 15.670 Thread 0x0000015893e008f0 Uncommon trap: reason=bimorphic_or_optimized_type_check action=maybe_recompile pc=0x000001583d676664 method=java.util.regex.Pattern.lambda$negate$7(Ljava/util/regex/Pattern$CharPredicate;I)Z @ 2 c2
Event: 15.670 Thread 0x0000015893e008f0 DEOPT PACKING pc=0x000001583d676664 sp=0x0000000d344fe170
Event: 15.670 Thread 0x0000015893e008f0 DEOPT UNPACKING pc=0x000001583cc96da2 sp=0x0000000d344fe0a0 mode 2
Event: 15.670 Thread 0x0000015893e008f0 Uncommon trap: trap_request=0xffffffc6 fr.pc=0x000001583d676664 relative=0x0000000000000184
Event: 15.670 Thread 0x0000015893e008f0 Uncommon trap: reason=bimorphic_or_optimized_type_check action=maybe_recompile pc=0x000001583d676664 method=java.util.regex.Pattern.lambda$negate$7(Ljava/util/regex/Pattern$CharPredicate;I)Z @ 2 c2
Event: 15.670 Thread 0x0000015893e008f0 DEOPT PACKING pc=0x000001583d676664 sp=0x0000000d344fe170
Event: 15.670 Thread 0x0000015893e008f0 DEOPT UNPACKING pc=0x000001583cc96da2 sp=0x0000000d344fe0a0 mode 2
Event: 15.670 Thread 0x0000015893e008f0 Uncommon trap: trap_request=0xffffff45 fr.pc=0x000001583d2a1300 relative=0x00000000000001a0
Event: 15.670 Thread 0x0000015893e008f0 Uncommon trap: reason=unstable_if action=reinterpret pc=0x000001583d2a1300 method=java.util.concurrent.ConcurrentHashMap.get(Ljava/lang/Object;)Ljava/lang/Object; @ 152 c2
Event: 15.670 Thread 0x0000015893e008f0 DEOPT PACKING pc=0x000001583d2a1300 sp=0x0000000d344fddc0
Event: 15.670 Thread 0x0000015893e008f0 DEOPT UNPACKING pc=0x000001583cc96da2 sp=0x0000000d344fdd38 mode 2
Event: 15.671 Thread 0x0000015893e008f0 Uncommon trap: trap_request=0xffffffc6 fr.pc=0x000001583d6e7f9c relative=0x0000000000000cdc
Event: 15.671 Thread 0x0000015893e008f0 Uncommon trap: reason=bimorphic_or_optimized_type_check action=maybe_recompile pc=0x000001583d6e7f9c method=java.util.regex.Pattern.lambda$negate$7(Ljava/util/regex/Pattern$CharPredicate;I)Z @ 2 c2
Event: 15.671 Thread 0x0000015893e008f0 DEOPT PACKING pc=0x000001583d6e7f9c sp=0x0000000d344fdca0
Event: 15.671 Thread 0x0000015893e008f0 DEOPT UNPACKING pc=0x000001583cc96da2 sp=0x0000000d344fdb60 mode 2
Event: 16.834 Thread 0x0000015893e00f80 DEOPT PACKING pc=0x0000015837505f0b sp=0x0000000d346fcd20
Event: 16.834 Thread 0x0000015893e00f80 DEOPT UNPACKING pc=0x000001583cc978e2 sp=0x0000000d346fc158 mode 0

Classes loaded (20 events):
Event: 12.869 Loading class java/util/Collections$SynchronizedRandomAccessList
Event: 12.869 Loading class java/util/Collections$SynchronizedList
Event: 12.869 Loading class java/util/Collections$SynchronizedList done
Event: 12.869 Loading class java/util/Collections$SynchronizedRandomAccessList done
Event: 12.886 Loading class java/util/concurrent/CompletableFuture$Signaller
Event: 12.886 Loading class java/util/concurrent/CompletableFuture$Signaller done
Event: 13.030 Loading class java/nio/charset/CharacterCodingException
Event: 13.030 Loading class java/nio/charset/CharacterCodingException done
Event: 13.030 Loading class java/io/SequenceInputStream
Event: 13.030 Loading class java/io/SequenceInputStream done
Event: 13.122 Loading class javax/xml/transform/TransformerConfigurationException
Event: 13.123 Loading class javax/xml/transform/TransformerConfigurationException done
Event: 13.155 Loading class java/lang/UnsupportedClassVersionError
Event: 13.155 Loading class java/lang/UnsupportedClassVersionError done
Event: 13.195 Loading class java/util/Hashtable$KeySet
Event: 13.195 Loading class java/util/Hashtable$KeySet done
Event: 14.451 Loading class java/lang/invoke/MethodHandleImpl$CountingWrapper$1
Event: 14.451 Loading class java/lang/invoke/MethodHandleImpl$CountingWrapper$1 done
Event: 15.179 Loading class java/util/HashMap$EntrySpliterator
Event: 15.180 Loading class java/util/HashMap$EntrySpliterator done

Classes unloaded (7 events):
Event: 4.130 Thread 0x00000158324a3b50 Unloading class 0x000001584a1aac00 'java/lang/invoke/LambdaForm$MH+0x000001584a1aac00'
Event: 4.130 Thread 0x00000158324a3b50 Unloading class 0x000001584a1aa800 'java/lang/invoke/LambdaForm$MH+0x000001584a1aa800'
Event: 4.130 Thread 0x00000158324a3b50 Unloading class 0x000001584a1aa400 'java/lang/invoke/LambdaForm$MH+0x000001584a1aa400'
Event: 4.130 Thread 0x00000158324a3b50 Unloading class 0x000001584a1aa000 'java/lang/invoke/LambdaForm$MH+0x000001584a1aa000'
Event: 4.130 Thread 0x00000158324a3b50 Unloading class 0x000001584a1a9c00 'java/lang/invoke/LambdaForm$BMH+0x000001584a1a9c00'
Event: 4.130 Thread 0x00000158324a3b50 Unloading class 0x000001584a1a9800 'java/lang/invoke/LambdaForm$DMH+0x000001584a1a9800'
Event: 4.130 Thread 0x00000158324a3b50 Unloading class 0x000001584a1a8400 'java/lang/invoke/LambdaForm$DMH+0x000001584a1a8400'

Classes redefined (0 events):
No events

Internal exceptions (20 events):
Event: 15.467 Thread 0x0000015891117b70 Implicit null exception at 0x0000015836c65b21 to 0x0000015836c65d1d
Event: 15.467 Thread 0x0000015891117b70 Exception <a 'java/lang/NullPointerException'{0x00000000d5ba30f0}> (0x00000000d5ba30f0) 
thrown [s\src\hotspot\share\runtime\sharedRuntime.cpp, line 625]
Event: 15.467 Thread 0x0000015891117b70 Implicit null exception at 0x0000015836c65b21 to 0x0000015836c65d1d
Event: 15.467 Thread 0x0000015891117b70 Exception <a 'java/lang/NullPointerException'{0x00000000d5ba3830}> (0x00000000d5ba3830) 
thrown [s\src\hotspot\share\runtime\sharedRuntime.cpp, line 625]
Event: 15.495 Thread 0x0000015891117b70 Implicit null exception at 0x0000015836c65b21 to 0x0000015836c65d1d
Event: 15.495 Thread 0x0000015891117b70 Exception <a 'java/lang/NullPointerException'{0x00000000d59b9a30}> (0x00000000d59b9a30) 
thrown [s\src\hotspot\share\runtime\sharedRuntime.cpp, line 625]
Event: 15.495 Thread 0x0000015891117b70 Implicit null exception at 0x0000015836c65b21 to 0x0000015836c65d1d
Event: 15.495 Thread 0x0000015891117b70 Exception <a 'java/lang/NullPointerException'{0x00000000d59ba1d8}> (0x00000000d59ba1d8) 
thrown [s\src\hotspot\share\runtime\sharedRuntime.cpp, line 625]
Event: 15.495 Thread 0x0000015891117b70 Implicit null exception at 0x0000015836c65b21 to 0x0000015836c65d1d
Event: 15.495 Thread 0x0000015891117b70 Exception <a 'java/lang/NullPointerException'{0x00000000d59bad88}> (0x00000000d59bad88) 
thrown [s\src\hotspot\share\runtime\sharedRuntime.cpp, line 625]
Event: 15.495 Thread 0x0000015891117b70 Implicit null exception at 0x0000015836c65b21 to 0x0000015836c65d1d
Event: 15.495 Thread 0x0000015891117b70 Exception <a 'java/lang/NullPointerException'{0x00000000d59bb778}> (0x00000000d59bb778) 
thrown [s\src\hotspot\share\runtime\sharedRuntime.cpp, line 625]
Event: 15.498 Thread 0x0000015891117b70 Implicit null exception at 0x0000015836c65b21 to 0x0000015836c65d1d
Event: 15.498 Thread 0x0000015891117b70 Exception <a 'java/lang/NullPointerException'{0x00000000d5a46318}> (0x00000000d5a46318) 
thrown [s\src\hotspot\share\runtime\sharedRuntime.cpp, line 625]
Event: 15.498 Thread 0x0000015891117b70 Implicit null exception at 0x0000015836c65b21 to 0x0000015836c65d1d
Event: 15.498 Thread 0x0000015891117b70 Exception <a 'java/lang/NullPointerException'{0x00000000d5a46ac0}> (0x00000000d5a46ac0) 
thrown [s\src\hotspot\share\runtime\sharedRuntime.cpp, line 625]
Event: 15.498 Thread 0x0000015891117b70 Implicit null exception at 0x0000015836c65b21 to 0x0000015836c65d1d
Event: 15.498 Thread 0x0000015891117b70 Exception <a 'java/lang/NullPointerException'{0x00000000d5a472d8}> (0x00000000d5a472d8) 
thrown [s\src\hotspot\share\runtime\sharedRuntime.cpp, line 625]
Event: 16.821 Thread 0x0000015892c0a550 Exception <a 'java/lang/IncompatibleClassChangeError'{0x00000000d56019e8}: Found class java.lang.Object, but interface was expected> (0x00000000d56019e8) 
thrown [s\src\hotspot\share\interpreter\linkResolver.cpp, line 840]
Event: 16.821 Thread 0x0000015892c0a550 Exception <a 'java/lang/IncompatibleClassChangeError'{0x00000000d5618e60}: Found class java.lang.Object, but interface was expected> (0x00000000d5618e60) 
thrown [s\src\hotspot\share\interpreter\linkResolver.cpp, line 840]

ZGC Phase Switch (0 events):
No events

VM Operations (20 events):
Event: 15.441 Executing safepoint VM operation: ParallelGCFailedAllocation (Allocation Failure)
Event: 15.443 Executing safepoint VM operation: ParallelGCFailedAllocation (Allocation Failure) done
Event: 15.454 Executing safepoint VM operation: ParallelGCFailedAllocation (Allocation Failure)
Event: 15.456 Executing safepoint VM operation: ParallelGCFailedAllocation (Allocation Failure) done
Event: 15.470 Executing safepoint VM operation: ParallelGCFailedAllocation (Allocation Failure)
Event: 15.479 Executing safepoint VM operation: ParallelGCFailedAllocation (Allocation Failure) done
Event: 15.509 Executing safepoint VM operation: ParallelGCFailedAllocation (Allocation Failure)
Event: 15.511 Executing safepoint VM operation: ParallelGCFailedAllocation (Allocation Failure) done
Event: 15.540 Executing safepoint VM operation: ParallelGCFailedAllocation (Allocation Failure)
Event: 15.543 Executing safepoint VM operation: ParallelGCFailedAllocation (Allocation Failure) done
Event: 15.591 Executing safepoint VM operation: ParallelGCFailedAllocation (Allocation Failure)
Event: 15.593 Executing safepoint VM operation: ParallelGCFailedAllocation (Allocation Failure) done
Event: 15.649 Executing safepoint VM operation: ParallelGCFailedAllocation (Allocation Failure)
Event: 15.652 Executing safepoint VM operation: ParallelGCFailedAllocation (Allocation Failure) done
Event: 15.792 Executing safepoint VM operation: ParallelGCFailedAllocation (Allocation Failure)
Event: 15.795 Executing safepoint VM operation: ParallelGCFailedAllocation (Allocation Failure) done
Event: 15.866 Executing safepoint VM operation: ParallelGCFailedAllocation (Allocation Failure)
Event: 16.818 Executing safepoint VM operation: ParallelGCFailedAllocation (Allocation Failure) done
Event: 17.819 Executing safepoint VM operation: Cleanup
Event: 17.819 Executing safepoint VM operation: Cleanup done

Memory protections (0 events):
No events

Nmethod flushes (20 events):
Event: 10.719 Thread 0x00000158324a3b50 flushing  nmethod 0x0000015836022f10
Event: 10.719 Thread 0x00000158324a3b50 flushing  nmethod 0x000001583603d390
Event: 10.719 Thread 0x00000158324a3b50 flushing  nmethod 0x000001583603fc10
Event: 10.719 Thread 0x00000158324a3b50 flushing  nmethod 0x0000015836041010
Event: 10.719 Thread 0x00000158324a3b50 flushing  nmethod 0x0000015836087810
Event: 10.719 Thread 0x00000158324a3b50 flushing  nmethod 0x0000015836088790
Event: 10.719 Thread 0x00000158324a3b50 flushing  nmethod 0x0000015836089990
Event: 10.719 Thread 0x00000158324a3b50 flushing  nmethod 0x000001583608aa10
Event: 10.719 Thread 0x00000158324a3b50 flushing  nmethod 0x0000015836095390
Event: 10.719 Thread 0x00000158324a3b50 flushing  nmethod 0x0000015836096210
Event: 10.719 Thread 0x00000158324a3b50 flushing  nmethod 0x0000015836096b10
Event: 10.719 Thread 0x00000158324a3b50 flushing  nmethod 0x0000015836097690
Event: 10.719 Thread 0x00000158324a3b50 flushing  nmethod 0x0000015836097b90
Event: 10.719 Thread 0x00000158324a3b50 flushing  nmethod 0x0000015836099590
Event: 10.719 Thread 0x00000158324a3b50 flushing  nmethod 0x000001583609a290
Event: 10.719 Thread 0x00000158324a3b50 flushing  nmethod 0x000001583609a690
Event: 10.719 Thread 0x00000158324a3b50 flushing  nmethod 0x000001583609aa90
Event: 10.719 Thread 0x00000158324a3b50 flushing  nmethod 0x000001583609b110
Event: 10.719 Thread 0x00000158324a3b50 flushing  nmethod 0x000001583609b910
Event: 10.719 Thread 0x00000158324a3b50 flushing  nmethod 0x000001583609bf10

Events (20 events):
Event: 12.469 Thread 0x0000015891117b70 Thread added: 0x0000015893dfdb00
Event: 12.469 Thread 0x0000015891117b70 Thread added: 0x0000015893e02330
Event: 12.488 Thread 0x0000015893e00f80 Thread exited: 0x0000015893e00f80
Event: 12.488 Thread 0x0000015893dfd470 Thread exited: 0x0000015893dfd470
Event: 12.488 Thread 0x0000015893e008f0 Thread exited: 0x0000015893e008f0
Event: 12.488 Thread 0x0000015893dfdb00 Thread exited: 0x0000015893dfdb00
Event: 12.488 Thread 0x0000015893e02330 Thread exited: 0x0000015893e02330
Event: 12.676 Thread 0x0000015891115410 Thread added: 0x0000015893e008f0
Event: 12.802 Thread 0x0000015893e008f0 Thread exited: 0x0000015893e008f0
Event: 12.830 Thread 0x0000015892c0a550 Thread added: 0x0000015893e008f0
Event: 12.833 Thread 0x0000015892c0a550 Thread added: 0x0000015893dfd470
Event: 12.835 Thread 0x0000015893dfd470 Thread added: 0x0000015893e00f80
Event: 12.835 Thread 0x0000015892c0a550 Thread added: 0x0000015893dfdb00
Event: 12.835 Thread 0x0000015893dfdb00 Thread added: 0x0000015893e01610
Event: 12.836 Thread 0x0000015893e01610 Thread added: 0x0000015893e04400
Event: 12.836 Thread 0x0000015893e04400 Thread added: 0x0000015893e03d70
Event: 12.837 Thread 0x0000015893e03d70 Thread added: 0x0000015893e01ca0
Event: 12.838 Thread 0x0000015893e01ca0 Thread added: 0x0000015893e02330
Event: 12.838 Thread 0x0000015893e02330 Thread added: 0x0000015893e029c0
Event: 12.839 Thread 0x0000015893e029c0 Thread added: 0x0000015893e03050


Dynamic libraries:
0x00007ff637290000 - 0x00007ff63729e000 	c:\Users\ACER\.vscode\extensions\redhat.java-1.55.0-win32-x64\jre\21.0.11-win32-x86_64\bin\java.exe
0x00007ffe28e80000 - 0x00007ffe290e6000 	C:\WINDOWS\SYSTEM32\ntdll.dll
0x00007ffe27a00000 - 0x00007ffe27ac9000 	C:\WINDOWS\System32\KERNEL32.DLL
0x00007ffe264f0000 - 0x00007ffe268ee000 	C:\WINDOWS\System32\KERNELBASE.dll
0x00007ffe26130000 - 0x00007ffe2627c000 	C:\WINDOWS\System32\ucrtbase.dll
0x00007ffe1a8f0000 - 0x00007ffe1a908000 	c:\Users\ACER\.vscode\extensions\redhat.java-1.55.0-win32-x64\jre\21.0.11-win32-x86_64\bin\jli.dll
0x00007ffe1bfd0000 - 0x00007ffe1bfee000 	c:\Users\ACER\.vscode\extensions\redhat.java-1.55.0-win32-x64\jre\21.0.11-win32-x86_64\bin\VCRUNTIME140.dll
0x00007ffe281f0000 - 0x00007ffe283b7000 	C:\WINDOWS\System32\USER32.dll
0x00007ffe0b5e0000 - 0x00007ffe0b872000 	C:\WINDOWS\WinSxS\amd64_microsoft.windows.common-controls_6595b64144ccf1df_6.0.26100.8875_none_3e0d5d42e32fe9dd\COMCTL32.dll
0x00007ffe26410000 - 0x00007ffe26437000 	C:\WINDOWS\System32\win32u.dll
0x00007ffe28090000 - 0x00007ffe280bb000 	C:\WINDOWS\System32\GDI32.dll
0x00007ffe283c0000 - 0x00007ffe28469000 	C:\WINDOWS\System32\msvcrt.dll
0x00007ffe26900000 - 0x00007ffe26a2a000 	C:\WINDOWS\System32\gdi32full.dll
0x00007ffe26440000 - 0x00007ffe264e3000 	C:\WINDOWS\System32\msvcp_win.dll
0x00007ffe28c00000 - 0x00007ffe28c32000 	C:\WINDOWS\System32\IMM32.DLL
0x00007ffe1a890000 - 0x00007ffe1a89c000 	c:\Users\ACER\.vscode\extensions\redhat.java-1.55.0-win32-x64\jre\21.0.11-win32-x86_64\bin\vcruntime140_1.dll
0x00007ffdf3350000 - 0x00007ffdf33dd000 	c:\Users\ACER\.vscode\extensions\redhat.java-1.55.0-win32-x64\jre\21.0.11-win32-x86_64\bin\msvcp140.dll
0x00007ffd5b730000 - 0x00007ffd5c4d2000 	c:\Users\ACER\.vscode\extensions\redhat.java-1.55.0-win32-x64\jre\21.0.11-win32-x86_64\bin\server\jvm.dll
0x00007ffe27930000 - 0x00007ffe279e7000 	C:\WINDOWS\System32\ADVAPI32.dll
0x00007ffe287a0000 - 0x00007ffe2884a000 	C:\WINDOWS\System32\sechost.dll
0x00007ffe285e0000 - 0x00007ffe286f8000 	C:\WINDOWS\System32\RPCRT4.dll
0x00007ffe28490000 - 0x00007ffe28510000 	C:\WINDOWS\System32\WS2_32.dll
0x00007ffe24bc0000 - 0x00007ffe24c1e000 	C:\WINDOWS\SYSTEM32\POWRPROF.dll
0x00007ffe1b6a0000 - 0x00007ffe1b6ab000 	C:\WINDOWS\SYSTEM32\VERSION.dll
0x00007ffe0e4d0000 - 0x00007ffe0e506000 	C:\WINDOWS\SYSTEM32\WINMM.dll
0x00007ffe24ba0000 - 0x00007ffe24bb4000 	C:\WINDOWS\SYSTEM32\UMPDC.dll
0x00007ffe24ea0000 - 0x00007ffe24ebb000 	C:\WINDOWS\SYSTEM32\kernel.appcore.dll
0x00007ffe1a920000 - 0x00007ffe1a92a000 	c:\Users\ACER\.vscode\extensions\redhat.java-1.55.0-win32-x64\jre\21.0.11-win32-x86_64\bin\jimage.dll
0x00007ffe235e0000 - 0x00007ffe23822000 	C:\WINDOWS\SYSTEM32\DBGHELP.DLL
0x00007ffe27ad0000 - 0x00007ffe27e53000 	C:\WINDOWS\System32\combase.dll
0x00007ffe28110000 - 0x00007ffe281e9000 	C:\WINDOWS\System32\OLEAUT32.dll
0x00007ffdf30f0000 - 0x00007ffdf312b000 	C:\WINDOWS\SYSTEM32\dbgcore.DLL
0x00007ffe26350000 - 0x00007ffe263fc000 	C:\WINDOWS\System32\bcryptPrimitives.dll
0x00007ffe1a910000 - 0x00007ffe1a91f000 	c:\Users\ACER\.vscode\extensions\redhat.java-1.55.0-win32-x64\jre\21.0.11-win32-x86_64\bin\instrument.dll
0x00007ffe1a8b0000 - 0x00007ffe1a8d0000 	c:\Users\ACER\.vscode\extensions\redhat.java-1.55.0-win32-x64\jre\21.0.11-win32-x86_64\bin\java.dll
0x00007ffe26cf0000 - 0x00007ffe27482000 	C:\WINDOWS\System32\SHELL32.dll
0x00007ffe23b50000 - 0x00007ffe243e2000 	C:\WINDOWS\SYSTEM32\windows.storage.dll
0x00007ffe28c40000 - 0x00007ffe28d37000 	C:\WINDOWS\System32\SHCORE.dll
0x00007ffe26c80000 - 0x00007ffe26ce7000 	C:\WINDOWS\System32\shlwapi.dll
0x00007ffe25fc0000 - 0x00007ffe25fe9000 	C:\WINDOWS\SYSTEM32\profapi.dll
0x00007ffe1a840000 - 0x00007ffe1a858000 	c:\Users\ACER\.vscode\extensions\redhat.java-1.55.0-win32-x64\jre\21.0.11-win32-x86_64\bin\zip.dll
0x00007ffe1a8a0000 - 0x00007ffe1a8b0000 	C:\Users\ACER\.vscode\extensions\redhat.java-1.55.0-win32-x64\jre\21.0.11-win32-x86_64\bin\net.dll
0x00007ffe1b0e0000 - 0x00007ffe1b207000 	C:\WINDOWS\SYSTEM32\WINHTTP.dll
0x00007ffe25450000 - 0x00007ffe254bc000 	C:\WINDOWS\system32\mswsock.dll
0x00007ffe1a7d0000 - 0x00007ffe1a7e6000 	C:\Users\ACER\.vscode\extensions\redhat.java-1.55.0-win32-x64\jre\21.0.11-win32-x86_64\bin\nio.dll
0x00007ffe1a880000 - 0x00007ffe1a890000 	c:\Users\ACER\.vscode\extensions\redhat.java-1.55.0-win32-x64\jre\21.0.11-win32-x86_64\bin\verify.dll
0x00007ffe13f60000 - 0x00007ffe13fa5000 	C:\Users\ACER\AppData\Roaming\Code\User\globalStorage\redhat.java\1.55.0\config_win\org.eclipse.equinox.launcher\org.eclipse.equinox.launcher.win32.win32.x86_64_1.3.100.v20260613-0559\eclipse_11924.dll
0x00007ffe27ef0000 - 0x00007ffe28089000 	C:\WINDOWS\System32\ole32.dll
0x00007ffe25750000 - 0x00007ffe2576b000 	C:\WINDOWS\SYSTEM32\CRYPTSP.dll
0x00007ffe24e00000 - 0x00007ffe24e39000 	C:\WINDOWS\system32\rsaenh.dll
0x00007ffe25510000 - 0x00007ffe25542000 	C:\WINDOWS\SYSTEM32\USERENV.dll
0x00007ffe25f90000 - 0x00007ffe25fba000 	C:\WINDOWS\SYSTEM32\bcrypt.dll
0x00007ffe25770000 - 0x00007ffe2577c000 	C:\WINDOWS\SYSTEM32\CRYPTBASE.dll
0x00007ffe247e0000 - 0x00007ffe24813000 	C:\WINDOWS\SYSTEM32\IPHLPAPI.DLL
0x00007ffe279f0000 - 0x00007ffe279fa000 	C:\WINDOWS\System32\NSI.dll
0x00007ffdb29d0000 - 0x00007ffdb2a19000 	C:\Users\ACER\AppData\Local\Temp\jna-2003023\jna13258475428017232424.dll
0x00007ffe26bb0000 - 0x00007ffe26bb8000 	C:\WINDOWS\System32\PSAPI.DLL
0x00007ffe1b6e0000 - 0x00007ffe1b6fd000 	C:\WINDOWS\SYSTEM32\dhcpcsvc6.DLL
0x00007ffe1b6b0000 - 0x00007ffe1b6d5000 	C:\WINDOWS\SYSTEM32\dhcpcsvc.DLL

JVMTI agents:
c:\Users\ACER\.vscode\extensions\redhat.java-1.55.0-win32-x64\lombok\lombok-1.18.39-4050.jar path:c:\Users\ACER\.vscode\extensions\redhat.java-1.55.0-win32-x64\jre\21.0.11-win32-x86_64\bin\instrument.dll, loaded, initialized, instrumentlib options:none

dbghelp: loaded successfully - version: 4.0.5 - missing functions: none
symbol engine: initialized successfully - sym options: 0x614 - pdb path: .;c:\Users\ACER\.vscode\extensions\redhat.java-1.55.0-win32-x64\jre\21.0.11-win32-x86_64\bin;C:\WINDOWS\SYSTEM32;C:\WINDOWS\WinSxS\amd64_microsoft.windows.common-controls_6595b64144ccf1df_6.0.26100.8875_none_3e0d5d42e32fe9dd;c:\Users\ACER\.vscode\extensions\redhat.java-1.55.0-win32-x64\jre\21.0.11-win32-x86_64\bin\server;C:\Users\ACER\AppData\Roaming\Code\User\globalStorage\redhat.java\1.55.0\config_win\org.eclipse.equinox.launcher\org.eclipse.equinox.launcher.win32.win32.x86_64_1.3.100.v20260613-0559;C:\Users\ACER\AppData\Local\Temp\jna-2003023

VM Arguments:
jvm_args: --add-modules=ALL-SYSTEM --add-opens=java.base/java.util=ALL-UNNAMED --add-opens=java.base/java.lang=ALL-UNNAMED --add-opens=java.base/sun.nio.fs=ALL-UNNAMED -Declipse.application=org.eclipse.jdt.ls.core.id1 -Dosgi.bundles.defaultStartLevel=4 -Declipse.product=org.eclipse.jdt.ls.core.product -Djava.import.generatesMetadataFilesAtProjectRoot=false -DDetectVMInstallationsJob.disabled=true -Dfile.encoding=utf8 -XX:+UseParallelGC -XX:GCTimeRatio=4 -XX:AdaptiveSizePolicyWeight=90 -Dsun.zip.disableMemoryMapping=true -Xmx2G -Xms100m -Xlog:disable -javaagent:c:\Users\ACER\.vscode\extensions\redhat.java-1.55.0-win32-x64\lombok\lombok-1.18.39-4050.jar -XX:+HeapDumpOnOutOfMemoryError -XX:HeapDumpPath=c:\Users\ACER\AppData\Roaming\Code\User\workspaceStorage\4a4f0ebea5eac3939ac07aeca1cd76eb\redhat.java -Daether.dependencyCollector.impl=bf 
java_command: c:\Users\ACER\.vscode\extensions\redhat.java-1.55.0-win32-x64\server\plugins\org.eclipse.equinox.launcher_1.7.200.v20260619-2039.jar -configuration c:\Users\ACER\AppData\Roaming\Code\User\globalStorage\redhat.java\1.55.0\config_win -data c:\Users\ACER\AppData\Roaming\Code\User\workspaceStorage\4a4f0ebea5eac3939ac07aeca1cd76eb\redhat.java\jdt_ws --pipe=\\.\pipe\lsp-702bdd388568bbe1009903298113103f-sock
java_class_path (initial): c:\Users\ACER\.vscode\extensions\redhat.java-1.55.0-win32-x64\server\plugins\org.eclipse.equinox.launcher_1.7.200.v20260619-2039.jar
Launcher Type: SUN_STANDARD

[Global flags]
    uintx AdaptiveSizePolicyWeight                 = 90                                        {product} {command line}
     intx CICompilerCount                          = 4                                         {product} {ergonomic}
    uintx GCTimeRatio                              = 4                                         {product} {command line}
     bool HeapDumpOnOutOfMemoryError               = true                                   {manageable} {command line}
    ccstr HeapDumpPath                             = c:\Users\ACER\AppData\Roaming\Code\User\workspaceStorage\4a4f0ebea5eac3939ac07aeca1cd76eb\redhat.java         {manageable} {command line}
   size_t InitialHeapSize                          = 104857600                                 {product} {command line}
   size_t MaxHeapSize                              = 2147483648                                {product} {command line}
   size_t MaxNewSize                               = 715653120                                 {product} {ergonomic}
   size_t MinHeapDeltaBytes                        = 524288                                    {product} {ergonomic}
   size_t MinHeapSize                              = 104857600                                 {product} {command line}
   size_t NewSize                                  = 34603008                                  {product} {ergonomic}
    uintx NonNMethodCodeHeapSize                   = 5839372                                {pd product} {ergonomic}
    uintx NonProfiledCodeHeapSize                  = 122909434                              {pd product} {ergonomic}
   size_t OldSize                                  = 70254592                                  {product} {ergonomic}
    uintx ProfiledCodeHeapSize                     = 122909434                              {pd product} {ergonomic}
    uintx ReservedCodeCacheSize                    = 251658240                              {pd product} {ergonomic}
     bool SegmentedCodeCache                       = true                                      {product} {ergonomic}
   size_t SoftMaxHeapSize                          = 2147483648                             {manageable} {ergonomic}
     bool UseCompressedOops                        = true                           {product lp64_product} {ergonomic}
     bool UseLargePagesIndividualAllocation        = false                                  {pd product} {ergonomic}
     bool UseParallelGC                            = true                                      {product} {command line}

Logging:
Log output configuration:
 #0: stdout all=off uptime,level,tags foldmultilines=false
 #1: stderr all=off uptime,level,tags foldmultilines=false

Release file:
JAVA_VERSION="21.0.11" 
MODULES="java.base java.compiler java.datatransfer java.xml java.prefs java.desktop java.instrument java.logging java.management java.security.sasl java.naming java.rmi java.management.rmi java.net.http java.scripting java.security.jgss java.transaction.xa java.sql java.sql.rowset java.xml.crypto java.se java.smartcardio jdk.accessibility jdk.internal.jvmstat jdk.attach jdk.charsets jdk.internal.opt jdk.zipfs jdk.compiler jdk.crypto.ec jdk.crypto.cryptoki jdk.crypto.mscapi jdk.dynalink jdk.internal.ed jdk.editpad jdk.hotspot.agent jdk.httpserver jdk.internal.le jdk.internal.vm.ci jdk.internal.vm.compiler jdk.internal.vm.compiler.management jdk.jartool jdk.javadoc jdk.jcmd jdk.management jdk.management.agent jdk.jconsole jdk.jdeps jdk.jdwp.agent jdk.jdi jdk.jfr jdk.jshell jdk.jsobject jdk.jstatd jdk.localedata jdk.management.jfr jdk.naming.dns jdk.naming.rmi jdk.net jdk.nio.mapmode jdk.random jdk.sctp jdk.security.auth jdk.security.jgss jdk.unsupported jdk.unsupported.desktop jdk.xml.dom" 

Environment Variables:
PATH=C:\Program Files\Microsoft SDKs\Azure\CLI2\wbin;C:\Program Files\Common Files\Oracle\Java\javapath;C:\Windows\system32;C:\Windows;C:\Windows\System32\Wbem;C:\Windows\System32\WindowsPowerShell\v1.0\;C:\Windows\System32\OpenSSH\;C:\Program Files (x86)\NVIDIA Corporation\PhysX\Common;C:\Program Files\NVIDIA Corporation\NVIDIA NvDLISR;C:\WINDOWS\system32;C:\WINDOWS;C:\WINDOWS\System32\Wbem;C:\WINDOWS\System32\WindowsPowerShell\v1.0\;C:\WINDOWS\System32\OpenSSH\;C:\Program Files\PuTTY\;C:\Program Files\Git\cmd;C:\workspace\apache-maven-3.9.12-bin\apache-maven-3.9.12\bin;C:\Program Files\nodejs\;C:\Program Files\Docker\Docker\resources\bin;C:\Users\ACER\AppData\Local\Programs\Python\Launcher\;C:\Users\ACER\AppData\Local\Microsoft\WindowsApps;C:\Program Files\JetBrains\PyCharm Community Edition 2024.2\bin;;C:\Users\ACER\AppData\Local\Programs\Microsoft VS Code\bin;C:\Users\ACER\AppData\Local\GitHubDesktop\bin;C:\Users\ACER\AppData\Roaming\npm;C:\Users\ACER\.local\bin;
USERNAME=ACER
OS=Windows_NT
PROCESSOR_IDENTIFIER=Intel64 Family 6 Model 141 Stepping 1, GenuineIntel
TMP=C:\Users\ACER\AppData\Local\Temp
TEMP=C:\Users\ACER\AppData\Local\Temp




Periodic native trim disabled

---------------  S Y S T E M  ---------------

OS:
 Windows 11 , 64 bit Build 26100 (10.0.26100.8875)
OS uptime: 1 days 20:21 hours
Hyper-V role detected

CPU: total 12 (initial active 12) (6 cores per cpu, 2 threads per core) family 6 model 141 stepping 1 microcode 0x3c, cx8, cmov, fxsr, ht, mmx, 3dnowpref, sse, sse2, sse3, ssse3, sse4.1, sse4.2, popcnt, lzcnt, tsc, tscinvbit, avx, avx2, aes, erms, clmul, bmi1, bmi2, adx, avx512f, avx512dq, avx512cd, avx512bw, avx512vl, sha, fma, vzeroupper, avx512_vpopcntdq, avx512_vpclmulqdq, avx512_vaes, avx512_vnni, clflush, clflushopt, clwb, avx512_vbmi2, avx512_vbmi, hv, rdtscp, rdpid, fsrm, gfni, avx512_bitalg, f16c, cet_ibt, cet_ss, avx512_ifma
Processor Information for the first 12 processors :
  Max Mhz: 2688, Current Mhz: 2688, Mhz Limit: 2688

Memory: 4k page, system-wide physical 7971M (360M free)
TotalPageFile size 32547M (AvailPageFile size 4M)
current process WorkingSet (physical memory assigned to process): 381M, peak: 382M
current process commit charge ("private bytes"): 466M, peak: 466M

vm_info: OpenJDK 64-Bit Server VM (21.0.11+10-LTS) for windows-amd64 JRE (21.0.11+10-LTS), built on 2026-04-21T00:00:00Z by "admin" with MS VC++ 17.12 (VS2022)

END.
